Component: ARM Compiler 5.06 update 7 (build 960) Tool: armlink [4d3601]

==============================================================================

Section Cross References

    arduino.o(i.DigitalWriteOld) refers to strcmpv7m.o(.text) for strcmp
    arduino.o(i.DigitalWriteOld) refers to led.o(i.LedRossoOn) for LedRossoOn
    arduino.o(i.DigitalWriteOld) refers to led.o(i.LedRossoOff) for LedRossoOff
    arduino.o(i.DigitalWriteOld) refers to led.o(i.LedVerdeOn) for LedVerdeOn
    arduino.o(i.DigitalWriteOld) refers to led.o(i.LedVerdeOff) for LedVerdeOff
    arduino.o(i.PinModeOld) refers to strcmpv7m.o(.text) for strcmp
    arduino.o(i.PinModeOld) refers to led.o(i.LedRossoInit) for LedRossoInit
    arduino.o(i.PinModeOld) refers to led.o(i.LedVerdeInit) for LedVerdeInit
    arduino.o(i.PinModeOld) refers to pulsanti.o(i.SwCenterInit) for SwCenterInit
    arduino.o(i.PinModeOld) refers to pulsanti.o(i.SwLeftInit) for SwLeftInit
    arduino.o(i.PinModeOld) refers to pulsanti.o(i.SwRightInit) for SwRightInit
    arduino.o(i.PinModeOld) refers to pulsanti.o(i.SwUpInit) for SwUpInit
    arduino.o(i.PinModeOld) refers to pulsanti.o(i.SwDownInit) for SwDownInit
    clock.o(i.MSIInit) refers to system_stm32l4xx.o(i.SystemCoreClockUpdate) for SystemCoreClockUpdate
    clock.o(i.pllInit) refers to system_stm32l4xx.o(i.SystemCoreClockUpdate) for SystemCoreClockUpdate
    led.o(i.LedBlink) refers to tasks.o(i.vTaskDelay) for vTaskDelay
    led.o(i.LedBlink) refers to led.o(i.LedRossoToggle) for LedRossoToggle
    led.o(i.LedInit) refers to led.o(i.LedRossoInit) for LedRossoInit
    led.o(i.LedInit) refers to led.o(i.LedVerdeInit) for LedVerdeInit
    led.o(i.LedRossoBlink) refers to tasks.o(i.vTaskDelay) for vTaskDelay
    led.o(i.LedRossoBlink) refers to led.o(i.LedRossoToggle) for LedRossoToggle
    led.o(i.LedRossoBlinkTask) refers to led.o(i.LedRossoToggle) for LedRossoToggle
    led.o(i.LedRossoBlinkTask) refers to tasks.o(i.vTaskDelay) for vTaskDelay
    led.o(i.LedRossoTask) refers to led.o(i.LedRossoOn) for LedRossoOn
    led.o(i.LedRossoTask) refers to tasks.o(i.vTaskDelay) for vTaskDelay
    led.o(i.LedRossoTask) refers to led.o(i.LedRossoOff) for LedRossoOff
    led.o(i.LedTest) refers to tasks.o(i.vTaskDelay) for vTaskDelay
    led.o(i.LedTest) refers to led.o(i.LedRossoToggle) for LedRossoToggle
    led.o(i.LedTest) refers to led.o(i.LedVerdeToggle) for LedVerdeToggle
    led.o(i.LedVerdeBlink) refers to tasks.o(i.vTaskDelay) for vTaskDelay
    led.o(i.LedVerdeBlink) refers to led.o(i.LedVerdeToggle) for LedVerdeToggle
    led.o(i.LedVerdeBlinkTask) refers to led.o(i.LedVerdeToggle) for LedVerdeToggle
    led.o(i.LedVerdeBlinkTask) refers to tasks.o(i.vTaskDelay) for vTaskDelay
    led.o(i.LedVerdeTask) refers to led.o(i.LedVerdeOn) for LedVerdeOn
    led.o(i.LedVerdeTask) refers to tasks.o(i.vTaskDelay) for vTaskDelay
    led.o(i.LedVerdeTask) refers to led.o(i.LedVerdeOff) for LedVerdeOff
    main.o(i.main) refers to clock.o(i.pllInit) for pllInit
    main.o(i.main) refers to pulsanti.o(i.SwCenterInit) for SwCenterInit
    main.o(i.main) refers to pulsanti.o(i.SwDownInit) for SwDownInit
    main.o(i.main) refers to pulsanti.o(i.SwLeftInit) for SwLeftInit
    main.o(i.main) refers to pulsanti.o(i.SwRightInit) for SwRightInit
    main.o(i.main) refers to pulsanti.o(i.SwUpInit) for SwUpInit
    main.o(i.main) refers to led.o(i.LedInit) for LedInit
    main.o(i.main) refers to lcd.o(i.LCD_Init) for LCD_Init
    main.o(i.main) refers to lcd.o(i.LCD_DisplayString) for LCD_DisplayString
    main.o(i.main) refers to tasks.o(i.xTaskCreate) for xTaskCreate
    main.o(i.main) refers to event_groups.o(i.xEventGroupCreate) for xEventGroupCreate
    main.o(i.main) refers to tasks.o(i.vTaskStartScheduler) for vTaskStartScheduler
    main.o(i.main) refers to main.o(i.vTaskPA0) for vTaskPA0
    main.o(i.main) refers to main.o(i.vTaskLcd) for vTaskLcd
    main.o(i.main) refers to main.o(.data) for xEventGroup
    main.o(i.vTaskLcd) refers to _printf_percent.o(.ARM.Collect$$_printf_percent$$00000000) for _printf_percent
    main.o(i.vTaskLcd) refers to _printf_d.o(.ARM.Collect$$_printf_percent$$00000009) for _printf_d
    main.o(i.vTaskLcd) refers to _printf_dec.o(.text) for _printf_int_dec
    main.o(i.vTaskLcd) refers to lcd.o(i.LCD_DisplayString) for LCD_DisplayString
    main.o(i.vTaskLcd) refers to noretval__2sprintf.o(.text) for __2sprintf
    main.o(i.vTaskLcd) refers to lcd.o(i.LCD_Clear) for LCD_Clear
    main.o(i.vTaskPA0) refers to arduino.o(i.digitalRead) for digitalRead
    main.o(i.vTaskPA0) refers to event_groups.o(i.xEventGroupSetBits) for xEventGroupSetBits
    main.o(i.vTaskPA0) refers to main.o(.data) for xEventGroup
    lcd.o(i.LCD_Conv_Char_Seg) refers to lcd.o(.constdata) for NumberMap
    lcd.o(i.LCD_DisplayString) refers to lcd.o(i.LCD_WriteChar) for LCD_WriteChar
[...]
    ..\pulsanti.c                            0x00000000   Number         0  pulsanti.o ABSOLUTE
    C:\Keil_v5\ARM\PACK\ARM\CMSIS-FreeRTOS\10.4.6\CMSIS\RTOS2\FreeRTOS\Source\ARM\clib_arm.c 0x00000000   Number         0  clib_arm.o ABSOLUTE
    C:\Keil_v5\ARM\PACK\ARM\CMSIS-FreeRTOS\10.4.6\CMSIS\RTOS2\FreeRTOS\Source\cmsis_os2.c 0x00000000   Number         0  cmsis_os2.o ABSOLUTE
    C:\Keil_v5\ARM\PACK\ARM\CMSIS-FreeRTOS\10.4.6\CMSIS\RTOS2\FreeRTOS\Source\freertos_evr.c 0x00000000   Number         0  freertos_evr.o ABSOLUTE
    C:\Keil_v5\ARM\PACK\ARM\CMSIS-FreeRTOS\10.4.6\CMSIS\RTOS2\FreeRTOS\Source\os_systick.c 0x00000000   Number         0  os_systick.o ABSOLUTE
    C:\Keil_v5\ARM\PACK\ARM\CMSIS-FreeRTOS\10.4.6\Source\event_groups.c 0x00000000   Number         0  event_groups.o ABSOLUTE
    C:\Keil_v5\ARM\PACK\ARM\CMSIS-FreeRTOS\10.4.6\Source\list.c 0x00000000   Number         0  list.o ABSOLUTE
    C:\Keil_v5\ARM\PACK\ARM\CMSIS-FreeRTOS\10.4.6\Source\portable\MemMang\heap_4.c 0x00000000   Number         0  heap_4.o ABSOLUTE
    C:\Keil_v5\ARM\PACK\ARM\CMSIS-FreeRTOS\10.4.6\Source\portable\RVDS\ARM_CM4F\port.c 0x00000000   Number         0  port.o ABSOLUTE
    C:\Keil_v5\ARM\PACK\ARM\CMSIS-FreeRTOS\10.4.6\Source\queue.c 0x00000000   Number         0  queue.o ABSOLUTE
    C:\Keil_v5\ARM\PACK\ARM\CMSIS-FreeRTOS\10.4.6\Source\tasks.c 0x00000000   Number         0  tasks.o ABSOLUTE
    C:\Keil_v5\ARM\PACK\ARM\CMSIS-FreeRTOS\10.4.6\Source\timers.c 0x00000000   Number         0  timers.o ABSOLUTE
    C:\\Keil_v5\\ARM\\PACK\\ARM\\CMSIS-FreeRTOS\\10.4.6\\CMSIS\\RTOS2\\FreeRTOS\\Source\\ARM\\clib_arm.c 0x00000000   Number         0  clib_arm.o ABSOLUTE
    C:\\Keil_v5\\ARM\\PACK\\ARM\\CMSIS-FreeRTOS\\10.4.6\\CMSIS\\RTOS2\\FreeRTOS\\Source\\cmsis_os2.c 0x00000000   Number         0  cmsis_os2.o ABSOLUTE
    C:\\Keil_v5\\ARM\\PACK\\ARM\\CMSIS-FreeRTOS\\10.4.6\\CMSIS\\RTOS2\\FreeRTOS\\Source\\freertos_evr.c 0x00000000   Number         0  freertos_evr.o ABSOLUTE
    C:\\Keil_v5\\ARM\\PACK\\ARM\\CMSIS-FreeRTOS\\10.4.6\\CMSIS\\RTOS2\\FreeRTOS\\Source\\os_systick.c 0x00000000   Number         0  os_systick.o ABSOLUTE
    C:\\Keil_v5\\ARM\\PACK\\ARM\\CMSIS-FreeRTOS\\10.4.6\\Source\\event_groups.c 0x00000000   Number         0  event_groups.o ABSOLUTE
    C:\\Keil_v5\\ARM\\PACK\\ARM\\CMSIS-FreeRTOS\\10.4.6\\Source\\list.c 0x00000000   Number         0  list.o ABSOLUTE
    C:\\Keil_v5\\ARM\\PACK\\ARM\\CMSIS-FreeRTOS\\10.4.6\\Source\\portable\\MemMang\\heap_4.c 0x00000000   Number         0  heap_4.o ABSOLUTE
    C:\\Keil_v5\\ARM\\PACK\\ARM\\CMSIS-FreeRTOS\\10.4.6\\Source\\portable\\RVDS\\ARM_CM4F\\port.c 0x00000000   Number         0  port.o ABSOLUTE
    C:\\Keil_v5\\ARM\\PACK\\ARM\\CMSIS-FreeRTOS\\10.4.6\\Source\\queue.c 0x00000000   Number         0  queue.o ABSOLUTE
    C:\\Keil_v5\\ARM\\PACK\\ARM\\CMSIS-FreeRTOS\\10.4.6\\Source\\tasks.c 0x00000000   Number         0  tasks.o ABSOLUTE
    C:\\Keil_v5\\ARM\\PACK\\ARM\\CMSIS-FreeRTOS\\10.4.6\\Source\\timers.c 0x00000000   Number         0  timers.o ABSOLUTE
    RTE\Device\STM32L476VGTx\startup_stm32l476xx.s 0x00000000   Number         0  startup_stm32l476xx.o ABSOLUTE
    RTE\Device\STM32L476VGTx\system_stm32l4xx.c 0x00000000   Number         0  system_stm32l4xx.o ABSOLUTE
    RTE\\Device\\STM32L476VGTx\\system_stm32l4xx.c 0x00000000   Number         0  system_stm32l4xx.o ABSOLUTE
    dc.s                                     0x00000000   Number         0  dc.o ABSOLUTE
    RESET                                    0x08000000   Section      392  startup_stm32l476xx.o(RESET)
    !!!main                                  0x08000188   Section        8  __main.o(!!!main)
    !!!scatter                               0x08000190   Section       52  __scatter.o(!!!scatter)
    !!handler_copy                           0x080001c4   Section       26  __scatter_copy.o(!!handler_copy)
    !!handler_zi                             0x080001e0   Section       28  __scatter_zi.o(!!handler_zi)
    .ARM.Collect$$_printf_percent$$00000000  0x080001fc   Section        0  _printf_percent.o(.ARM.Collect$$_printf_percent$$00000000)
    .ARM.Collect$$_printf_percent$$00000009  0x080001fc   Section        6  _printf_d.o(.ARM.Collect$$_printf_percent$$00000009)
    .ARM.Collect$$_printf_percent$$00000017  0x08000202   Section        4  _printf_percent_end.o(.ARM.Collect$$_printf_percent$$00000017)
    .ARM.Collect$$libinit$$00000000          0x08000206   Section        2  libinit.o(.ARM.Collect$$libinit$$00000000)
    .ARM.Collect$$libinit$$00000001          0x08000208   Section        4  libinit2.o(.ARM.Collect$$libinit$$00000001)
    .ARM.Collect$$libinit$$00000004          0x0800020c   Section        0  libinit2.o(.ARM.Collect$$libinit$$00000004)
    .ARM.Collect$$libinit$$0000000A          0x0800020c   Section        0  libinit2.o(.ARM.Collect$$libinit$$0000000A)
    .ARM.Collect$$libinit$$0000000C          0x0800020c   Section        0  libinit2.o(.ARM.Collect$$libinit$$0000000C)
    .ARM.Collect$$libinit$$0000000E          0x0800020c   Section        0  libinit2.o(.ARM.Collect$$libinit$$0000000E)
    .ARM.Collect$$libinit$$00000011          0x0800020c   Section        0  libinit2.o(.ARM.Collect$$libinit$$00000011)
    .ARM.Collect$$libinit$$00000013          0x0800020c   Section        0  libinit2.o(.ARM.Collect$$libinit$$00000013)
    .ARM.Collect$$libinit$$00000015          0x0800020c   Section        0  libinit2.o(.ARM.Collect$$libinit$$00000015)
    .ARM.Collect$$libinit$$00000017          0x0800020c   Section        0  libinit2.o(.ARM.Collect$$libinit$$00000017)
    .ARM.Collect$$libinit$$00000019          0x0800020c   Section        0  libinit2.o(.ARM.Collect$$libinit$$00000019)
    .ARM.Collect$$libinit$$0000001B          0x0800020c   Section        0  libinit2.o(.ARM.Collect$$libinit$$0000001B)
    .ARM.Collect$$libinit$$0000001D          0x0800020c   Section        0  libinit2.o(.ARM.Collect$$libinit$$0000001D)
    .ARM.Collect$$libinit$$0000001F          0x0800020c   Section        0  libinit2.o(.ARM.Collect$$libinit$$0000001F)
    .ARM.Collect$$libinit$$00000021          0x0800020c   Section        0  libinit2.o(.ARM.Collect$$libinit$$00000021)
    .ARM.Collect$$libinit$$00000023          0x0800020c   Section        0  libinit2.o(.ARM.Collect$$libinit$$00000023)
    .ARM.Collect$$libinit$$00000025          0x0800020c   Section        0  libinit2.o(.ARM.Collect$$libinit$$00000025)
    .ARM.Collect$$libinit$$0000002C          0x0800020c   Section        0  libinit2.o(.ARM.Collect$$libinit$$0000002C)
    .ARM.Collect$$libinit$$0000002E          0x0800020c   Section        0  libinit2.o(.ARM.Collect$$libinit$$0000002E)
    .ARM.Collect$$libinit$$00000030          0x0800020c   Section        0  libinit2.o(.ARM.Collect$$libinit$$00000030)
    .ARM.Collect$$libinit$$00000032          0x0800020c   Section        0  libinit2.o(.ARM.Collect$$libinit$$00000032)
    .ARM.Collect$$libinit$$00000033          0x0800020c   Section        2  libinit2.o(.ARM.Collect$$libinit$$00000033)
    .ARM.Collect$$libshutdown$$00000000      0x0800020e   Section        2  libshutdown.o(.ARM.Collect$$libshutdown$$00000000)
    .ARM.Collect$$libshutdown$$00000002      0x08000210   Section        0  libshutdown2.o(.ARM.Collect$$libshutdown$$00000002)
    .ARM.Collect$$libshutdown$$00000004      0x08000210   Section        0  libshutdown2.o(.ARM.Collect$$libshutdown$$00000004)
    .ARM.Collect$$libshutdown$$00000006      0x08000210   Section        0  libshutdown2.o(.ARM.Collect$$libshutdown$$00000006)
    .ARM.Collect$$libshutdown$$00000009      0x08000210   Section        0  libshutdown2.o(.ARM.Collect$$libshutdown$$00000009)
    .ARM.Collect$$libshutdown$$0000000C      0x08000210   Section        0  libshutdown2.o(.ARM.Collect$$libshutdown$$0000000C)
    .ARM.Collect$$libshutdown$$0000000E      0x08000210   Section        0  libshutdown2.o(.ARM.Collect$$libshutdown$$0000000E)
    .ARM.Collect$$libshutdown$$00000011      0x08000210   Section        0  libshutdown2.o(.ARM.Collect$$libshutdown$$00000011)
    .ARM.Collect$$libshutdown$$00000012      0x08000210   Section        2  libshutdown2.o(.ARM.Collect$$libshutdown$$00000012)
    .ARM.Collect$$rtentry$$00000000          0x08000212   Section        0  __rtentry.o(.ARM.Collect$$rtentry$$00000000)
    .ARM.Collect$$rtentry$$00000002          0x08000212   Section        0  __rtentry2.o(.ARM.Collect$$rtentry$$00000002)
    .ARM.Collect$$rtentry$$00000004          0x08000212   Section        6  __rtentry4.o(.ARM.Collect$$rtentry$$00000004)
    .ARM.Collect$$rtentry$$00000008          0x08000218   Section        8  __rtentry2.o(.ARM.Collect$$rtentry$$00000008)
    .ARM.Collect$$rtentry$$0000000A          0x08000220   Section        4  __rtentry2.o(.ARM.Collect$$rtentry$$0000000A)
    .ARM.Collect$$rtentry$$0000000C          0x08000224   Section        0  __rtentry2.o(.ARM.Collect$$rtentry$$0000000C)
    .ARM.Collect$$rtentry$$0000000D          0x08000224   Section        8  __rtentry2.o(.ARM.Collect$$rtentry$$0000000D)
    .ARM.Collect$$rtexit$$00000000           0x0800022c   Section        2  rtexit.o(.ARM.Collect$$rtexit$$00000000)
    .ARM.Collect$$rtexit$$00000002           0x0800022e   Section        0  rtexit2.o(.ARM.Collect$$rtexit$$00000002)
    .ARM.Collect$$rtexit$$00000003           0x0800022e   Section        4  rtexit2.o(.ARM.Collect$$rtexit$$00000003)
    .ARM.Collect$$rtexit$$00000004           0x08000232   Section        6  rtexit2.o(.ARM.Collect$$rtexit$$00000004)
    .emb_text                                0x08000238   Section      190  port.o(.emb_text)
    $v0                                      0x08000238   Number         0  port.o(.emb_text)
    .text                                    0x08000318   Section       64  startup_stm32l476xx.o(.text)
    $v0                                      0x08000318   Number         0  startup_stm32l476xx.o(.text)
    .text                                    0x08000358   Section        0  noretval__2sprintf.o(.text)
    .text                                    0x08000380   Section        0  __printf.o(.text)
    .text                                    0x080003e8   Section        0  _printf_dec.o(.text)
    .text                                    0x08000460   Section      138  rt_memcpy_v6.o(.text)
    .text                                    0x080004ea   Section       16  aeabi_memset.o(.text)
    .text                                    0x080004fa   Section        0  heapauxi.o(.text)
    .text                                    0x08000500   Section        0  _printf_intcommon.o(.text)
    .text                                    0x080005b4   Section        0  _printf_char_common.o(.text)
    _printf_input_char                       0x080005b5   Thumb Code    10  _printf_char_common.o(.text)
    .text                                    0x080005e4   Section        0  _sputc.o(.text)
    .text                                    0x080005ee   Section      100  rt_memcpy_w.o(.text)
    .text                                    0x08000652   Section       68  rt_memclr.o(.text)
    .text                                    0x08000696   Section       78  rt_memclr_w.o(.text)
    .text                                    0x080006e4   Section       74  sys_stackheap_outer.o(.text)
    .text                                    0x0800072e   Section        0  exit.o(.text)
    .text                                    0x08000740   Section        8  libspace.o(.text)
    .text                                    0x08000748   Section        0  sys_exit.o(.text)
    .text                                    0x08000754   Section        2  use_no_semi.o(.text)
    .text                                    0x08000756   Section        0  indicate_semi.o(.text)
    i.LCD_Clear                              0x08000758   Section        0  lcd.o(i.LCD_Clear)
    i.LCD_Clock_Init                         0x08000790   Section        0  lcd.o(i.LCD_Clock_Init)
    i.LCD_Configure                          0x08000858   Section        0  lcd.o(i.LCD_Configure)
    i.LCD_Conv_Char_Seg                      0x080008ac   Section        0  lcd.o(i.LCD_Conv_Char_Seg)
    LCD_Conv_Char_Seg                        0x080008ad   Thumb Code   304  lcd.o(i.LCD_Conv_Char_Seg)
    i.LCD_DisplayString                      0x080009e4   Section        0  lcd.o(i.LCD_DisplayString)
    i.LCD_Init                               0x08000a30   Section        0  lcd.o(i.LCD_Init)
    i.LCD_PIN_Init                           0x08000a44   Section        0  lcd.o(i.LCD_PIN_Init)
    i.LCD_WriteChar                          0x08000ba8   Section        0  lcd.o(i.LCD_WriteChar)
    i.LedInit                                0x0800134c   Section        0  led.o(i.LedInit)
    i.LedRossoInit                           0x08001358   Section        0  led.o(i.LedRossoInit)
    i.LedVerdeInit                           0x08001384   Section        0  led.o(i.LedVerdeInit)
    i.SwCenterInit                           0x080013b0   Section        0  pulsanti.o(i.SwCenterInit)
    i.SwDownInit                             0x080013f0   Section        0  pulsanti.o(i.SwDownInit)
    i.SwLeftInit                             0x08001420   Section        0  pulsanti.o(i.SwLeftInit)
    i.SwRightInit                            0x08001450   Section        0  pulsanti.o(i.SwRightInit)
    i.SwUpInit                               0x08001480   Section        0  pulsanti.o(i.SwUpInit)
    i.SysTick_Handler                        0x080014b0   Section        0  cmsis_os2.o(i.SysTick_Handler)
    i.SystemCoreClockUpdate                  0x080014c8   Section        0  system_stm32l4xx.o(i.SystemCoreClockUpdate)
    i.SystemInit                             0x080015a8   Section        0  system_stm32l4xx.o(i.SystemInit)
    i._mutex_acquire                         0x080015f0   Section        0  clib_arm.o(i._mutex_acquire)
    __tagsym$$used                           0x080015f1   Number         0  clib_arm.o(i._mutex_acquire)
    i._mutex_free                            0x08001608   Section        0  clib_arm.o(i._mutex_free)
    __tagsym$$used                           0x08001609   Number         0  clib_arm.o(i._mutex_free)
    i._mutex_initialize                      0x0800163c   Section        0  clib_arm.o(i._mutex_initialize)
    __tagsym$$used                           0x0800163d   Number         0  clib_arm.o(i._mutex_initialize)
    i._mutex_release                         0x0800169c   Section        0  clib_arm.o(i._mutex_release)
    __tagsym$$used                           0x0800169d   Number         0  clib_arm.o(i._mutex_release)
    i._platform_post_stackheap_init          0x080016b4   Section        0  clib_arm.o(i._platform_post_stackheap_init)
    i.digitalRead                            0x080016b6   Section        0  arduino.o(i.digitalRead)
    i.main                                   0x080016e4   Section        0  main.o(i.main)
    i.os_kernel_is_active                    0x08001788   Section        0  clib_arm.o(i.os_kernel_is_active)
    os_kernel_is_active                      0x08001789   Thumb Code    18  clib_arm.o(i.os_kernel_is_active)
    i.pllInit                                0x0800179c   Section        0  clock.o(i.pllInit)
    i.prvAddCurrentTaskToDelayedList         0x080018a4   Section        0  tasks.o(i.prvAddCurrentTaskToDelayedList)
    prvAddCurrentTaskToDelayedList           0x080018a5   Thumb Code   140  tasks.o(i.prvAddCurrentTaskToDelayedList)
    i.prvAddNewTaskToReadyList               0x08001948   Section        0  tasks.o(i.prvAddNewTaskToReadyList)
    prvAddNewTaskToReadyList                 0x08001949   Thumb Code   204  tasks.o(i.prvAddNewTaskToReadyList)
    i.prvCheckForValidListAndQueue           0x08001a30   Section        0  timers.o(i.prvCheckForValidListAndQueue)
    prvCheckForValidListAndQueue             0x08001a31   Thumb Code    62  timers.o(i.prvCheckForValidListAndQueue)
    i.prvCheckTasksWaitingTermination        0x08001a8c   Section        0  tasks.o(i.prvCheckTasksWaitingTermination)
    prvCheckTasksWaitingTermination          0x08001a8d   Thumb Code    60  tasks.o(i.prvCheckTasksWaitingTermination)
    i.prvCopyDataFromQueue                   0x08001ad4   Section        0  queue.o(i.prvCopyDataFromQueue)
    prvCopyDataFromQueue                     0x08001ad5   Thumb Code    42  queue.o(i.prvCopyDataFromQueue)
    i.prvCopyDataToQueue                     0x08001afe   Section        0  queue.o(i.prvCopyDataToQueue)
    prvCopyDataToQueue                       0x08001aff   Thumb Code   126  queue.o(i.prvCopyDataToQueue)
    i.prvDeleteTCB                           0x08001b7c   Section        0  tasks.o(i.prvDeleteTCB)
    prvDeleteTCB                             0x08001b7d   Thumb Code    40  tasks.o(i.prvDeleteTCB)
    i.prvGetDisinheritPriorityAfterTimeout   0x08001ba4   Section        0  queue.o(i.prvGetDisinheritPriorityAfterTimeout)
    prvGetDisinheritPriorityAfterTimeout     0x08001ba5   Thumb Code    20  queue.o(i.prvGetDisinheritPriorityAfterTimeout)
    i.prvGetNextExpireTime                   0x08001bb8   Section        0  timers.o(i.prvGetNextExpireTime)
    prvGetNextExpireTime                     0x08001bb9   Thumb Code    36  timers.o(i.prvGetNextExpireTime)
    i.prvHeapInit                            0x08001be0   Section        0  heap_4.o(i.prvHeapInit)
    prvHeapInit                              0x08001be1   Thumb Code    98  heap_4.o(i.prvHeapInit)
    i.prvIdleTask                            0x08001c5c   Section        0  tasks.o(i.prvIdleTask)
    prvIdleTask                              0x08001c5d   Thumb Code    32  tasks.o(i.prvIdleTask)
    i.prvInitialiseMutex                     0x08001c84   Section        0  queue.o(i.prvInitialiseMutex)
    prvInitialiseMutex                       0x08001c85   Thumb Code    30  queue.o(i.prvInitialiseMutex)
    i.prvInitialiseNewQueue                  0x08001ca2   Section        0  queue.o(i.prvInitialiseNewQueue)
    prvInitialiseNewQueue                    0x08001ca3   Thumb Code    42  queue.o(i.prvInitialiseNewQueue)
    i.prvInitialiseNewTask                   0x08001ccc   Section        0  tasks.o(i.prvInitialiseNewTask)
    prvInitialiseNewTask                     0x08001ccd   Thumb Code   154  tasks.o(i.prvInitialiseNewTask)
    i.prvInitialiseTaskLists                 0x08001d6c   Section        0  tasks.o(i.prvInitialiseTaskLists)
    prvInitialiseTaskLists                   0x08001d6d   Thumb Code    70  tasks.o(i.prvInitialiseTaskLists)
    i.prvInsertBlockIntoFreeList             0x08001dd4   Section        0  heap_4.o(i.prvInsertBlockIntoFreeList)
    prvInsertBlockIntoFreeList               0x08001dd5   Thumb Code    96  heap_4.o(i.prvInsertBlockIntoFreeList)
    i.prvInsertTimerInActiveList             0x08001e3c   Section        0  timers.o(i.prvInsertTimerInActiveList)
    prvInsertTimerInActiveList               0x08001e3d   Thumb Code    80  timers.o(i.prvInsertTimerInActiveList)
    i.prvIsQueueEmpty                        0x08001e94   Section        0  queue.o(i.prvIsQueueEmpty)
    prvIsQueueEmpty                          0x08001e95   Thumb Code    26  queue.o(i.prvIsQueueEmpty)
    i.prvIsQueueFull                         0x08001eae   Section        0  queue.o(i.prvIsQueueFull)
    prvIsQueueFull                           0x08001eaf   Thumb Code    30  queue.o(i.prvIsQueueFull)
    i.prvProcessExpiredTimer                 0x08001ecc   Section        0  timers.o(i.prvProcessExpiredTimer)
    prvProcessExpiredTimer                   0x08001ecd   Thumb Code    62  timers.o(i.prvProcessExpiredTimer)
    i.prvProcessReceivedCommands             0x08001f10   Section        0  timers.o(i.prvProcessReceivedCommands)
    prvProcessReceivedCommands               0x08001f11   Thumb Code   268  timers.o(i.prvProcessReceivedCommands)
    i.prvProcessTimerOrBlockTask             0x08002020   Section        0  timers.o(i.prvProcessTimerOrBlockTask)
    prvProcessTimerOrBlockTask               0x08002021   Thumb Code   102  timers.o(i.prvProcessTimerOrBlockTask)
    i.prvReloadTimer                         0x08002094   Section        0  timers.o(i.prvReloadTimer)
    prvReloadTimer                           0x08002095   Thumb Code    40  timers.o(i.prvReloadTimer)
    i.prvResetNextTaskUnblockTime            0x080020bc   Section        0  tasks.o(i.prvResetNextTaskUnblockTime)
    prvResetNextTaskUnblockTime              0x080020bd   Thumb Code    40  tasks.o(i.prvResetNextTaskUnblockTime)
    i.prvSampleTimeNow                       0x080020ec   Section        0  timers.o(i.prvSampleTimeNow)
    prvSampleTimeNow                         0x080020ed   Thumb Code    40  timers.o(i.prvSampleTimeNow)
    i.prvSwitchTimerLists                    0x08002118   Section        0  timers.o(i.prvSwitchTimerLists)
    prvSwitchTimerLists                      0x08002119   Thumb Code    58  timers.o(i.prvSwitchTimerLists)
    i.prvTaskExitError                       0x0800215c   Section        0  port.o(i.prvTaskExitError)
    prvTaskExitError                         0x0800215d   Thumb Code    22  port.o(i.prvTaskExitError)
    i.prvTimerTask                           0x08002172   Section        0  timers.o(i.prvTimerTask)
    prvTimerTask                             0x08002173   Thumb Code    26  timers.o(i.prvTimerTask)
    i.prvUnlockQueue                         0x0800218c   Section        0  queue.o(i.prvUnlockQueue)
    prvUnlockQueue                           0x0800218d   Thumb Code   126  queue.o(i.prvUnlockQueue)
    i.pvPortMalloc                           0x0800220c   Section        0  heap_4.o(i.pvPortMalloc)
    i.pvTaskIncrementMutexHeldCount          0x08002308   Section        0  tasks.o(i.pvTaskIncrementMutexHeldCount)
    i.pxPortInitialiseStack                  0x08002328   Section        0  port.o(i.pxPortInitialiseStack)
    i.uxListRemove                           0x08002354   Section        0  list.o(i.uxListRemove)
    i.vApplicationGetIdleTaskMemory          0x0800237c   Section        0  cmsis_os2.o(i.vApplicationGetIdleTaskMemory)
    i.vApplicationGetTimerTaskMemory         0x08002394   Section        0  cmsis_os2.o(i.vApplicationGetTimerTaskMemory)
    i.vApplicationStackOverflowHook          0x080023ac   Section        0  cmsis_os2.o(i.vApplicationStackOverflowHook)
    i.vListInitialise                        0x080023ae   Section        0  list.o(i.vListInitialise)
    i.vListInitialiseItem                    0x080023c8   Section        0  list.o(i.vListInitialiseItem)
    i.vListInsert                            0x080023ce   Section        0  list.o(i.vListInsert)
    i.vPortEnterCritical                     0x08002404   Section        0  port.o(i.vPortEnterCritical)
    i.vPortExitCritical                      0x08002428   Section        0  port.o(i.vPortExitCritical)
    i.vPortFree                              0x08002448   Section        0  heap_4.o(i.vPortFree)
    i.vPortSetupTimerInterrupt               0x080024a0   Section        0  port.o(i.vPortSetupTimerInterrupt)
    i.vQueueDelete                           0x080024c8   Section        0  queue.o(i.vQueueDelete)
    i.vQueueWaitForMessageRestricted         0x080024dc   Section        0  queue.o(i.vQueueWaitForMessageRestricted)
    i.vTaskInternalSetTimeOutState           0x08002528   Section        0  tasks.o(i.vTaskInternalSetTimeOutState)
    i.vTaskLcd                               0x08002540   Section        0  main.o(i.vTaskLcd)
    i.vTaskMissedYield                       0x08002594   Section        0  tasks.o(i.vTaskMissedYield)
    i.vTaskPA0                               0x080025a0   Section        0  main.o(i.vTaskPA0)
    i.vTaskPlaceOnEventList                  0x080025cc   Section        0  tasks.o(i.vTaskPlaceOnEventList)
    i.vTaskPlaceOnEventListRestricted        0x080025ec   Section        0  tasks.o(i.vTaskPlaceOnEventListRestricted)
    i.vTaskPriorityDisinheritAfterTimeout    0x08002638   Section        0  tasks.o(i.vTaskPriorityDisinheritAfterTimeout)
    i.vTaskRemoveFromUnorderedEventList      0x080026f8   Section        0  tasks.o(i.vTaskRemoveFromUnorderedEventList)
    i.vTaskStartScheduler                    0x080027c4   Section        0  tasks.o(i.vTaskStartScheduler)
    i.vTaskSuspendAll                        0x08002860   Section        0  tasks.o(i.vTaskSuspendAll)
    i.vTaskSwitchContext                     0x08002870   Section        0  tasks.o(i.vTaskSwitchContext)
    i.xEventGroupCreate                      0x08002920   Section        0  event_groups.o(i.xEventGroupCreate)
    i.xEventGroupSetBits                     0x0800293e   Section        0  event_groups.o(i.xEventGroupSetBits)
    i.xPortStartScheduler                    0x080029d8   Section        0  port.o(i.xPortStartScheduler)
    i.xPortSysTickHandler                    0x08002a20   Section        0  port.o(i.xPortSysTickHandler)
    i.xQueueCreateMutex                      0x08002a54   Section        0  queue.o(i.xQueueCreateMutex)
    i.xQueueCreateMutexStatic                0x08002a76   Section        0  queue.o(i.xQueueCreateMutexStatic)
    i.xQueueGenericCreate                    0x08002aa0   Section        0  queue.o(i.xQueueGenericCreate)
    i.xQueueGenericCreateStatic              0x08002af2   Section        0  queue.o(i.xQueueGenericCreateStatic)
    i.xQueueGenericReset                     0x08002b30   Section        0  queue.o(i.xQueueGenericReset)
    i.xQueueGenericSend                      0x08002bd0   Section        0  queue.o(i.xQueueGenericSend)
    i.xQueueReceive                          0x08002ce8   Section        0  queue.o(i.xQueueReceive)
    i.xQueueSemaphoreTake                    0x08002dec   Section        0  queue.o(i.xQueueSemaphoreTake)
    i.xTaskCheckForTimeOut                   0x08002f1c   Section        0  tasks.o(i.xTaskCheckForTimeOut)
    i.xTaskCreate                            0x08002f7c   Section        0  tasks.o(i.xTaskCreate)
    i.xTaskCreateStatic                      0x08002fe6   Section        0  tasks.o(i.xTaskCreateStatic)
    i.xTaskGetSchedulerState                 0x0800303c   Section        0  tasks.o(i.xTaskGetSchedulerState)
    i.xTaskGetTickCount                      0x0800305c   Section        0  tasks.o(i.xTaskGetTickCount)
    i.xTaskIncrementTick                     0x08003068   Section        0  tasks.o(i.xTaskIncrementTick)
    i.xTaskPriorityDisinherit                0x080031f8   Section        0  tasks.o(i.xTaskPriorityDisinherit)
    i.xTaskPriorityInherit                   0x0800328c   Section        0  tasks.o(i.xTaskPriorityInherit)
    i.xTaskRemoveFromEventList               0x08003364   Section        0  tasks.o(i.xTaskRemoveFromEventList)
    i.xTaskResumeAll                         0x0800346c   Section        0  tasks.o(i.xTaskResumeAll)
    i.xTimerCreateTimerTask                  0x080035c4   Section        0  timers.o(i.xTimerCreateTimerTask)
    x$fpl$fpinit                             0x08003624   Section       10  fpinit.o(x$fpl$fpinit)
    $v0                                      0x08003624   Number         0  fpinit.o(x$fpl$fpinit)
    .constdata                               0x0800362e   Section       72  lcd.o(.constdata)
    .constdata                               0x08003678   Section       72  system_stm32l4xx.o(.constdata)
    .data                                    0x20000000   Section        4  main.o(.data)
    .data                                    0x20000004   Section        4  system_stm32l4xx.o(.data)
    .data                                    0x20000008   Section       32  heap_4.o(.data)
    xStart                                   0x20000008   Data           8  heap_4.o(.data)
    pxEnd                                    0x20000010   Data           4  heap_4.o(.data)
    xFreeBytesRemaining                      0x20000014   Data           4  heap_4.o(.data)
    xMinimumEverFreeBytesRemaining           0x20000018   Data           4  heap_4.o(.data)
    xNumberOfSuccessfulAllocations           0x2000001c   Data           4  heap_4.o(.data)
    xNumberOfSuccessfulFrees                 0x20000020   Data           4  heap_4.o(.data)
    xBlockAllocatedBit                       0x20000024   Data           4  heap_4.o(.data)
    .data                                    0x20000028   Section        4  port.o(.data)
    uxCriticalNesting                        0x20000028   Data           4  port.o(.data)
    .data                                    0x2000002c   Section       64  tasks.o(.data)
    pxDelayedTaskList                        0x20000030   Data           4  tasks.o(.data)
    pxOverflowDelayedTaskList                0x20000034   Data           4  tasks.o(.data)
    uxDeletedTasksWaitingCleanUp             0x20000038   Data           4  tasks.o(.data)
    uxCurrentNumberOfTasks                   0x2000003c   Data           4  tasks.o(.data)
    xTickCount                               0x20000040   Data           4  tasks.o(.data)
    uxTopReadyPriority                       0x20000044   Data           4  tasks.o(.data)
    xSchedulerRunning                        0x20000048   Data           4  tasks.o(.data)
    xPendedTicks                             0x2000004c   Data           4  tasks.o(.data)
    xYieldPending                            0x20000050   Data           4  tasks.o(.data)
    xNumOfOverflows                          0x20000054   Data           4  tasks.o(.data)
    uxTaskNumber                             0x20000058   Data           4  tasks.o(.data)
    xNextTaskUnblockTime                     0x2000005c   Data           4  tasks.o(.data)
    xIdleTaskHandle                          0x20000060   Data           4  tasks.o(.data)
    uxSchedulerSuspended                     0x20000068   Data           4  tasks.o(.data)
    .data                                    0x2000006c   Section       20  timers.o(.data)
    pxCurrentTimerList                       0x2000006c   Data           4  timers.o(.data)
    pxOverflowTimerList                      0x20000070   Data           4  timers.o(.data)
    xTimerQueue                              0x20000074   Data           4  timers.o(.data)
    xTimerTaskHandle                         0x20000078   Data           4  timers.o(.data)
    xLastTime                                0x2000007c   Data           4  timers.o(.data)
    .bss                                     0x20000080   Section      916  clib_arm.o(.bss)
    os_libspace                              0x20000080   Data         480  clib_arm.o(.bss)
    os_libspace_id                           0x20000260   Data          16  clib_arm.o(.bss)
    clib_mutex_cb                            0x20000270   Data         400  clib_arm.o(.bss)
    clib_mutex_id                            0x20000400   Data          20  clib_arm.o(.bss)
    .bss                                     0x20000414   Section     1016  cmsis_os2.o(.bss)
    Idle_TCB                                 0x20000414   Data          92  cmsis_os2.o(.bss)
    Idle_Stack                               0x20000470   Data         512  cmsis_os2.o(.bss)
    Timer_TCB                                0x20000670   Data          92  cmsis_os2.o(.bss)
    Timer_Stack                              0x200006cc   Data         320  cmsis_os2.o(.bss)
    .bss                                     0x2000080c   Section     8192  heap_4.o(.bss)
    ucHeap                                   0x2000080c   Data        8192  heap_4.o(.bss)
    .bss                                     0x2000280c   Section     1220  tasks.o(.bss)
    pxReadyTasksLists                        0x2000280c   Data        1120  tasks.o(.bss)
    xDelayedTaskList1                        0x20002c6c   Data          20  tasks.o(.bss)
    xDelayedTaskList2                        0x20002c80   Data          20  tasks.o(.bss)
    xPendingReadyList                        0x20002c94   Data          20  tasks.o(.bss)
    xTasksWaitingTermination                 0x20002ca8   Data          20  tasks.o(.bss)
    xSuspendedTaskList                       0x20002cbc   Data          20  tasks.o(.bss)
    .bss                                     0x20002cd0   Section      200  timers.o(.bss)
    xActiveTimerList1                        0x20002cd0   Data          20  timers.o(.bss)
    xActiveTimerList2                        0x20002ce4   Data          20  timers.o(.bss)
    xStaticTimerQueue                        0x20002cf8   Data          80  timers.o(.bss)
    ucStaticTimerQueueStorage                0x20002d48   Data          80  timers.o(.bss)
    .bss                                     0x20002d98   Section       96  libspace.o(.bss)
    HEAP                                     0x20002df8   Section      512  startup_stm32l476xx.o(HEAP)
    Heap_Mem                                 0x20002df8   Data         512  startup_stm32l476xx.o(HEAP)
    STACK                                    0x20002ff8   Section     1024  startup_stm32l476xx.o(STACK)
    Stack_Mem                                0x20002ff8   Data        1024  startup_stm32l476xx.o(STACK)
    __initial_sp                             0x200033f8   Data           0  startup_stm32l476xx.o(STACK)

    Global Symbols

    Symbol Name                              Value     Ov Type        Size  Object(Section)

    BuildAttributes$$THM_ISAv4$E$P$D$K$B$S$7EM$VFPi3$EXTD16$VFPS$VFMA$PE$A:L22UL41UL21$X:L11$S22US41US21$IEEE1$IW$USESV6$~STKCKD$USESV7$~SHL$OSPACE$ROPI$EBA8$UX$STANDARDLIB$REQ8$PRES8$EABIv2 0x00000000   Number         0  anon$$obj.o ABSOLUTE
    __ARM_use_no_argv                        0x00000000   Number         0  main.o ABSOLUTE
    __ARM_exceptions_init                     - Undefined Weak Reference
    __alloca_initialize                       - Undefined Weak Reference
    __arm_fini_                               - Undefined Weak Reference
    __arm_preinit_                            - Undefined Weak Reference
    __cpp_initialize__aeabi_                  - Undefined Weak Reference
    __cxa_finalize                            - Undefined Weak Reference
    __rt_locale                               - Undefined Weak Reference
    __sigvec_lookup                           - Undefined Weak Reference
    _atexit_init                              - Undefined Weak Reference
    _call_atexit_fns                          - Undefined Weak Reference
    _clock_init                               - Undefined Weak Reference
    _fp_trap_init                             - Undefined Weak Reference
    _fp_trap_shutdown                         - Undefined Weak Reference
    _get_lc_collate                           - Undefined Weak Reference
    _get_lc_ctype                             - Undefined Weak Reference
    _get_lc_monetary                          - Undefined Weak Reference
    _get_lc_numeric                           - Undefined Weak Reference
    _get_lc_time                              - Undefined Weak Reference
    _getenv_init                              - Undefined Weak Reference
    _handle_redirection                       - Undefined Weak Reference
    _init_alloc                               - Undefined Weak Reference
    _init_user_alloc                          - Undefined Weak Reference
    _initio                                   - Undefined Weak Reference
    _printf_post_padding                      - Undefined Weak Reference
    _printf_pre_padding                       - Undefined Weak Reference
    _printf_truncate_signed                   - Undefined Weak Reference
    _printf_truncate_unsigned                 - Undefined Weak Reference
    _rand_init                                - Undefined Weak Reference
    _signal_finish                            - Undefined Weak Reference
    _signal_init                              - Undefined Weak Reference
    _terminate_alloc                          - Undefined Weak Reference
    _terminate_user_alloc                     - Undefined Weak Reference
    _terminateio                              - Undefined Weak Reference
    __Vectors_Size                           0x00000188   Number         0  startup_stm32l476xx.o ABSOLUTE
    __Vectors                                0x08000000   Data           4  startup_stm32l476xx.o(RESET)
    __Vectors_End                            0x08000188   Data           0  startup_stm32l476xx.o(RESET)
    __main                                   0x08000189   Thumb Code     8  __main.o(!!!main)
    __scatterload                            0x08000191   Thumb Code     0  __scatter.o(!!!scatter)
    __scatterload_rt2                        0x08000191   Thumb Code    44  __scatter.o(!!!scatter)
    __scatterload_rt2_thumb_only             0x08000191   Thumb Code     0  __scatter.o(!!!scatter)
    __scatterload_null                       0x0800019f   Thumb Code     0  __scatter.o(!!!scatter)
    __scatterload_copy                       0x080001c5   Thumb Code    26  __scatter_copy.o(!!handler_copy)
    __scatterload_zeroinit                   0x080001e1   Thumb Code    28  __scatter_zi.o(!!handler_zi)
    _printf_d                                0x080001fd   Thumb Code     0  _printf_d.o(.ARM.Collect$$_printf_percent$$00000009)
    _printf_percent                          0x080001fd   Thumb Code     0  _printf_percent.o(.ARM.Collect$$_printf_percent$$00000000)
    _printf_percent_end                      0x08000203   Thumb Code     0  _printf_percent_end.o(.ARM.Collect$$_printf_percent$$00000017)
    __rt_lib_init                            0x08000207   Thumb Code     0  libinit.o(.ARM.Collect$$libinit$$00000000)
    __rt_lib_init_fp_1                       0x08000209   Thumb Code     0  libinit2.o(.ARM.Collect$$libinit$$00000001)
    __rt_lib_init_alloca_1                   0x0800020d   Thumb Code     0  libinit2.o(.ARM.Collect$$libinit$$0000002E)
    __rt_lib_init_argv_1                     0x0800020d   Thumb Code     0  libinit2.o(.ARM.Collect$$libinit$$0000002C)
    __rt_lib_init_atexit_1                   0x0800020d   Thumb Code     0  libinit2.o(.ARM.Collect$$libinit$$0000001B)
    __rt_lib_init_clock_1                    0x0800020d   Thumb Code     0  libinit2.o(.ARM.Collect$$libinit$$00000021)
    __rt_lib_init_cpp_1                      0x0800020d   Thumb Code     0  libinit2.o(.ARM.Collect$$libinit$$00000032)
    __rt_lib_init_exceptions_1               0x0800020d   Thumb Code     0  libinit2.o(.ARM.Collect$$libinit$$00000030)
    __rt_lib_init_fp_trap_1                  0x0800020d   Thumb Code     0  libinit2.o(.ARM.Collect$$libinit$$0000001F)
    __rt_lib_init_getenv_1                   0x0800020d   Thumb Code     0  libinit2.o(.ARM.Collect$$libinit$$00000023)
    __rt_lib_init_heap_1                     0x0800020d   Thumb Code     0  libinit2.o(.ARM.Collect$$libinit$$0000000A)
    __rt_lib_init_lc_collate_1               0x0800020d   Thumb Code     0  libinit2.o(.ARM.Collect$$libinit$$00000011)
    __rt_lib_init_lc_ctype_1                 0x0800020d   Thumb Code     0  libinit2.o(.ARM.Collect$$libinit$$00000013)
    __rt_lib_init_lc_monetary_1              0x0800020d   Thumb Code     0  libinit2.o(.ARM.Collect$$libinit$$00000015)
    __rt_lib_init_lc_numeric_1               0x0800020d   Thumb Code     0  libinit2.o(.ARM.Collect$$libinit$$00000017)
    __rt_lib_init_lc_time_1                  0x0800020d   Thumb Code     0  libinit2.o(.ARM.Collect$$libinit$$00000019)
    __rt_lib_init_preinit_1                  0x0800020d   Thumb Code     0  libinit2.o(.ARM.Collect$$libinit$$00000004)
    __rt_lib_init_rand_1                     0x0800020d   Thumb Code     0  libinit2.o(.ARM.Collect$$libinit$$0000000E)
    __rt_lib_init_return                     0x0800020d   Thumb Code     0  libinit2.o(.ARM.Collect$$libinit$$00000033)
    __rt_lib_init_signal_1                   0x0800020d   Thumb Code     0  libinit2.o(.ARM.Collect$$libinit$$0000001D)
    __rt_lib_init_stdio_1                    0x0800020d   Thumb Code     0  libinit2.o(.ARM.Collect$$libinit$$00000025)
    __rt_lib_init_user_alloc_1               0x0800020d   Thumb Code     0  libinit2.o(.ARM.Collect$$libinit$$0000000C)
    __rt_lib_shutdown                        0x0800020f   Thumb Code     0  libshutdown.o(.ARM.Collect$$libshutdown$$00000000)
    __rt_lib_shutdown_cpp_1                  0x08000211   Thumb Code     0  libshutdown2.o(.ARM.Collect$$libshutdown$$00000004)
    __rt_lib_shutdown_fini_1                 0x08000211   Thumb Code     0  libshutdown2.o(.ARM.Collect$$libshutdown$$00000002)
    __rt_lib_shutdown_fp_trap_1              0x08000211   Thumb Code     0  libshutdown2.o(.ARM.Collect$$libshutdown$$00000009)
    __rt_lib_shutdown_heap_1                 0x08000211   Thumb Code     0  libshutdown2.o(.ARM.Collect$$libshutdown$$00000011)
    __rt_lib_shutdown_return                 0x08000211   Thumb Code     0  libshutdown2.o(.ARM.Collect$$libshutdown$$00000012)
    __rt_lib_shutdown_signal_1               0x08000211   Thumb Code     0  libshutdown2.o(.ARM.Collect$$libshutdown$$0000000C)
    __rt_lib_shutdown_stdio_1                0x08000211   Thumb Code     0  libshutdown2.o(.ARM.Collect$$libshutdown$$00000006)
    __rt_lib_shutdown_user_alloc_1           0x08000211   Thumb Code     0  libshutdown2.o(.ARM.Collect$$libshutdown$$0000000E)
    __rt_entry                               0x08000213   Thumb Code     0  __rtentry.o(.ARM.Collect$$rtentry$$00000000)
    __rt_entry_presh_1                       0x08000213   Thumb Code     0  __rtentry2.o(.ARM.Collect$$rtentry$$00000002)
    __rt_entry_sh                            0x08000213   Thumb Code     0  __rtentry4.o(.ARM.Collect$$rtentry$$00000004)
    __rt_entry_postsh_1                      0x08000219   Thumb Code     0  __rtentry2.o(.ARM.Collect$$rtentry$$00000008)
    __rt_entry_li                            0x08000221   Thumb Code     0  __rtentry2.o(.ARM.Collect$$rtentry$$0000000A)
    __rt_entry_main                          0x08000225   Thumb Code     0  __rtentry2.o(.ARM.Collect$$rtentry$$0000000D)
    __rt_entry_postli_1                      0x08000225   Thumb Code     0  __rtentry2.o(.ARM.Collect$$rtentry$$0000000C)
    __rt_exit                                0x0800022d   Thumb Code     0  rtexit.o(.ARM.Collect$$rtexit$$00000000)
    __rt_exit_ls                             0x0800022f   Thumb Code     0  rtexit2.o(.ARM.Collect$$rtexit$$00000003)
    __rt_exit_prels_1                        0x0800022f   Thumb Code     0  rtexit2.o(.ARM.Collect$$rtexit$$00000002)
    __rt_exit_exit                           0x08000233   Thumb Code     0  rtexit2.o(.ARM.Collect$$rtexit$$00000004)
    SVC_Handler                              0x08000239   Thumb Code    28  port.o(.emb_text)
    __asm___6_port_c_39a90d8d__prvStartFirstTask 0x08000259   Thumb Code    36  port.o(.emb_text)
    __asm___6_port_c_39a90d8d__prvEnableVFP  0x08000281   Thumb Code    16  port.o(.emb_text)
    PendSV_Handler                           0x08000295   Thumb Code    88  port.o(.emb_text)
    vPortGetIPSR                             0x080002f1   Thumb Code     6  port.o(.emb_text)
    Reset_Handler                            0x08000319   Thumb Code     8  startup_stm32l476xx.o(.text)
    NMI_Handler                              0x08000321   Thumb Code     2  startup_stm32l476xx.o(.text)
    HardFault_Handler                        0x08000323   Thumb Code     2  startup_stm32l476xx.o(.text)
    MemManage_Handler                        0x08000325   Thumb Code     2  startup_stm32l476xx.o(.text)
    BusFault_Handler                         0x08000327   Thumb Code     2  startup_stm32l476xx.o(.text)
    UsageFault_Handler                       0x08000329   Thumb Code     2  startup_stm32l476xx.o(.text)
    DebugMon_Handler                         0x0800032d   Thumb Code     2  startup_stm32l476xx.o(.text)
    ADC1_2_IRQHandler                        0x08000333   Thumb Code     0  startup_stm32l476xx.o(.text)
    ADC3_IRQHandler                          0x08000333   Thumb Code     0  startup_stm32l476xx.o(.text)
    CAN1_RX0_IRQHandler                      0x08000333   Thumb Code     0  startup_stm32l476xx.o(.text)
    CAN1_RX1_IRQHandler                      0x08000333   Thumb Code     0  startup_stm32l476xx.o(.text)
    CAN1_SCE_IRQHandler                      0x08000333   Thumb Code     0  startup_stm32l476xx.o(.text)
    CAN1_TX_IRQHandler                       0x08000333   Thumb Code     0  startup_stm32l476xx.o(.text)
    COMP_IRQHandler                          0x08000333   Thumb Code     0  startup_stm32l476xx.o(.text)
    DFSDM1_FLT0_IRQHandler                   0x08000333   Thumb Code     0  startup_stm32l476xx.o(.text)
    DFSDM1_FLT1_IRQHandler                   0x08000333   Thumb Code     0  startup_stm32l476xx.o(.text)
    DFSDM1_FLT2_IRQHandler                   0x08000333   Thumb Code     0  startup_stm32l476xx.o(.text)
    DFSDM1_FLT3_IRQHandler                   0x08000333   Thumb Code     0  startup_stm32l476xx.o(.text)
    DMA1_Channel1_IRQHandler                 0x08000333   Thumb Code     0  startup_stm32l476xx.o(.text)
    DMA1_Channel2_IRQHandler                 0x08000333   Thumb Code     0  startup_stm32l476xx.o(.text)
    DMA1_Channel3_IRQHandler                 0x08000333   Thumb Code     0  startup_stm32l476xx.o(.text)
    DMA1_Channel4_IRQHandler                 0x08000333   Thumb Code     0  startup_stm32l476xx.o(.text)
    DMA1_Channel5_IRQHandler                 0x08000333   Thumb Code     0  startup_stm32l476xx.o(.text)
    DMA1_Channel6_IRQHandler                 0x08000333   Thumb Code     0  startup_stm32l476xx.o(.text)
    DMA1_Channel7_IRQHandler                 0x08000333   Thumb Code     0  startup_stm32l476xx.o(.text)
    DMA2_Channel1_IRQHandler                 0x08000333   Thumb Code     0  startup_stm32l476xx.o(.text)
    DMA2_Channel2_IRQHandler                 0x08000333   Thumb Code     0  startup_stm32l476xx.o(.text)
    DMA2_Channel3_IRQHandler                 0x08000333   Thumb Code     0  startup_stm32l476xx.o(.text)
    DMA2_Channel4_IRQHandler                 0x08000333   Thumb Code     0  startup_stm32l476xx.o(.text)
    DMA2_Channel5_IRQHandler                 0x08000333   Thumb Code     0  startup_stm32l476xx.o(.text)
    DMA2_Channel6_IRQHandler                 0x08000333   Thumb Code     0  startup_stm32l476xx.o(.text)
    DMA2_Channel7_IRQHandler                 0x08000333   Thumb Code     0  startup_stm32l476xx.o(.text)
    EXTI0_IRQHandler                         0x08000333   Thumb Code     0  startup_stm32l476xx.o(.text)
    EXTI15_10_IRQHandler                     0x08000333   Thumb Code     0  startup_stm32l476xx.o(.text)
    EXTI1_IRQHandler                         0x08000333   Thumb Code     0  startup_stm32l476xx.o(.text)
    EXTI2_IRQHandler                         0x08000333   Thumb Code     0  startup_stm32l476xx.o(.text)
    EXTI3_IRQHandler                         0x08000333   Thumb Code     0  startup_stm32l476xx.o(.text)
    EXTI4_IRQHandler                         0x08000333   Thumb Code     0  startup_stm32l476xx.o(.text)
    EXTI9_5_IRQHandler                       0x08000333   Thumb Code     0  startup_stm32l476xx.o(.text)
    FLASH_IRQHandler                         0x08000333   Thumb Code     0  startup_stm32l476xx.o(.text)
    FMC_IRQHandler                           0x08000333   Thumb Code     0  startup_stm32l476xx.o(.text)
    FPU_IRQHandler                           0x08000333   Thumb Code     0  startup_stm32l476xx.o(.text)
    I2C1_ER_IRQHandler                       0x08000333   Thumb Code     0  startup_stm32l476xx.o(.text)
    I2C1_EV_IRQHandler                       0x08000333   Thumb Code     0  startup_stm32l476xx.o(.text)
    I2C2_ER_IRQHandler                       0x08000333   Thumb Code     0  startup_stm32l476xx.o(.text)
    I2C2_EV_IRQHandler                       0x08000333   Thumb Code     0  startup_stm32l476xx.o(.text)
    I2C3_ER_IRQHandler                       0x08000333   Thumb Code     0  startup_stm32l476xx.o(.text)
    I2C3_EV_IRQHandler                       0x08000333   Thumb Code     0  startup_stm32l476xx.o(.text)
    LCD_IRQHandler                           0x08000333   Thumb Code     0  startup_stm32l476xx.o(.text)
    LPTIM1_IRQHandler                        0x08000333   Thumb Code     0  startup_stm32l476xx.o(.text)
    LPTIM2_IRQHandler                        0x08000333   Thumb Code     0  startup_stm32l476xx.o(.text)
    LPUART1_IRQHandler                       0x08000333   Thumb Code     0  startup_stm32l476xx.o(.text)
    OTG_FS_IRQHandler                        0x08000333   Thumb Code     0  startup_stm32l476xx.o(.text)
    PVD_PVM_IRQHandler                       0x08000333   Thumb Code     0  startup_stm32l476xx.o(.text)
    QUADSPI_IRQHandler                       0x08000333   Thumb Code     0  startup_stm32l476xx.o(.text)
    RCC_IRQHandler                           0x08000333   Thumb Code     0  startup_stm32l476xx.o(.text)
    RNG_IRQHandler                           0x08000333   Thumb Code     0  startup_stm32l476xx.o(.text)
    RTC_Alarm_IRQHandler                     0x08000333   Thumb Code     0  startup_stm32l476xx.o(.text)
    RTC_WKUP_IRQHandler                      0x08000333   Thumb Code     0  startup_stm32l476xx.o(.text)
    SAI1_IRQHandler                          0x08000333   Thumb Code     0  startup_stm32l476xx.o(.text)
    SAI2_IRQHandler                          0x08000333   Thumb Code     0  startup_stm32l476xx.o(.text)
    SDMMC1_IRQHandler                        0x08000333   Thumb Code     0  startup_stm32l476xx.o(.text)
    SPI1_IRQHandler                          0x08000333   Thumb Code     0  startup_stm32l476xx.o(.text)
    SPI2_IRQHandler                          0x08000333   Thumb Code     0  startup_stm32l476xx.o(.text)
    SPI3_IRQHandler                          0x08000333   Thumb Code     0  startup_stm32l476xx.o(.text)
    SWPMI1_IRQHandler                        0x08000333   Thumb Code     0  startup_stm32l476xx.o(.text)
    TAMP_STAMP_IRQHandler                    0x08000333   Thumb Code     0  startup_stm32l476xx.o(.text)
    TIM1_BRK_TIM15_IRQHandler                0x08000333   Thumb Code     0  startup_stm32l476xx.o(.text)
    TIM1_CC_IRQHandler                       0x08000333   Thumb Code     0  startup_stm32l476xx.o(.text)
    TIM1_TRG_COM_TIM17_IRQHandler            0x08000333   Thumb Code     0  startup_stm32l476xx.o(.text)
    TIM1_UP_TIM16_IRQHandler                 0x08000333   Thumb Code     0  startup_stm32l476xx.o(.text)
    TIM2_IRQHandler                          0x08000333   Thumb Code     0  startup_stm32l476xx.o(.text)
    TIM3_IRQHandler                          0x08000333   Thumb Code     0  startup_stm32l476xx.o(.text)
    TIM4_IRQHandler                          0x08000333   Thumb Code     0  startup_stm32l476xx.o(.text)
    TIM5_IRQHandler                          0x08000333   Thumb Code     0  startup_stm32l476xx.o(.text)
    TIM6_DAC_IRQHandler                      0x08000333   Thumb Code     0  startup_stm32l476xx.o(.text)
    TIM7_IRQHandler                          0x08000333   Thumb Code     0  startup_stm32l476xx.o(.text)
    TIM8_BRK_IRQHandler                      0x08000333   Thumb Code     0  startup_stm32l476xx.o(.text)
    TIM8_CC_IRQHandler                       0x08000333   Thumb Code     0  startup_stm32l476xx.o(.text)
    TIM8_TRG_COM_IRQHandler                  0x08000333   Thumb Code     0  startup_stm32l476xx.o(.text)
    TIM8_UP_IRQHandler                       0x08000333   Thumb Code     0  startup_stm32l476xx.o(.text)
    TSC_IRQHandler                           0x08000333   Thumb Code     0  startup_stm32l476xx.o(.text)
    UART4_IRQHandler                         0x08000333   Thumb Code     0  startup_stm32l476xx.o(.text)
    UART5_IRQHandler                         0x08000333   Thumb Code     0  startup_stm32l476xx.o(.text)
    USART1_IRQHandler                        0x08000333   Thumb Code     0  startup_stm32l476xx.o(.text)
    USART2_IRQHandler                        0x08000333   Thumb Code     0  startup_stm32l476xx.o(.text)
    USART3_IRQHandler                        0x08000333   Thumb Code     0  startup_stm32l476xx.o(.text)
    WWDG_IRQHandler                          0x08000333   Thumb Code     0  startup_stm32l476xx.o(.text)
    __user_initial_stackheap                 0x08000335   Thumb Code     0  startup_stm32l476xx.o(.text)
    __2sprintf                               0x08000359   Thumb Code    34  noretval__2sprintf.o(.text)
    __printf                                 0x08000381   Thumb Code   104  __printf.o(.text)
    _printf_int_dec                          0x080003e9   Thumb Code   104  _printf_dec.o(.text)
    __aeabi_memcpy                           0x08000461   Thumb Code     0  rt_memcpy_v6.o(.text)
    __rt_memcpy                              0x08000461   Thumb Code   138  rt_memcpy_v6.o(.text)
    _memcpy_lastbytes                        0x080004c7   Thumb Code     0  rt_memcpy_v6.o(.text)
    __aeabi_memset                           0x080004eb   Thumb Code    16  aeabi_memset.o(.text)
    __use_two_region_memory                  0x080004fb   Thumb Code     2  heapauxi.o(.text)
    __rt_heap_escrow$2region                 0x080004fd   Thumb Code     2  heapauxi.o(.text)
    __rt_heap_expand$2region                 0x080004ff   Thumb Code     2  heapauxi.o(.text)
    _printf_int_common                       0x08000501   Thumb Code   178  _printf_intcommon.o(.text)
    _printf_char_common                      0x080005bf   Thumb Code    32  _printf_char_common.o(.text)
    _sputc                                   0x080005e5   Thumb Code    10  _sputc.o(.text)
    __aeabi_memcpy4                          0x080005ef   Thumb Code     0  rt_memcpy_w.o(.text)
    __aeabi_memcpy8                          0x080005ef   Thumb Code     0  rt_memcpy_w.o(.text)
    __rt_memcpy_w                            0x080005ef   Thumb Code   100  rt_memcpy_w.o(.text)
    _memcpy_lastbytes_aligned                0x08000637   Thumb Code     0  rt_memcpy_w.o(.text)
    __aeabi_memclr                           0x08000653   Thumb Code     0  rt_memclr.o(.text)
    __rt_memclr                              0x08000653   Thumb Code    68  rt_memclr.o(.text)
    _memset                                  0x08000657   Thumb Code     0  rt_memclr.o(.text)
    __aeabi_memclr4                          0x08000697   Thumb Code     0  rt_memclr_w.o(.text)
    __aeabi_memclr8                          0x08000697   Thumb Code     0  rt_memclr_w.o(.text)
    __rt_memclr_w                            0x08000697   Thumb Code    78  rt_memclr_w.o(.text)
    _memset_w                                0x0800069b   Thumb Code     0  rt_memclr_w.o(.text)
    __user_setup_stackheap                   0x080006e5   Thumb Code    74  sys_stackheap_outer.o(.text)
    exit                                     0x0800072f   Thumb Code    18  exit.o(.text)
    __user_libspace                          0x08000741   Thumb Code     8  libspace.o(.text)
    __user_perproc_libspace                  0x08000741   Thumb Code     0  libspace.o(.text)
    _sys_exit                                0x08000749   Thumb Code     8  sys_exit.o(.text)
    __I$use$semihosting                      0x08000755   Thumb Code     0  use_no_semi.o(.text)
    __use_no_semihosting_swi                 0x08000755   Thumb Code     2  use_no_semi.o(.text)
    __semihosting_library_function           0x08000757   Thumb Code     0  indicate_semi.o(.text)
    LCD_Clear                                0x08000759   Thumb Code    52  lcd.o(i.LCD_Clear)
    LCD_Clock_Init                           0x08000791   Thumb Code   190  lcd.o(i.LCD_Clock_Init)
    LCD_Configure                            0x08000859   Thumb Code    78  lcd.o(i.LCD_Configure)
    LCD_DisplayString                        0x080009e5   Thumb Code    72  lcd.o(i.LCD_DisplayString)
    LCD_Init                                 0x08000a31   Thumb Code    20  lcd.o(i.LCD_Init)
    LCD_PIN_Init                             0x08000a45   Thumb Code   290  lcd.o(i.LCD_PIN_Init)
    LCD_WriteChar                            0x08000ba9   Thumb Code  1946  lcd.o(i.LCD_WriteChar)
    LedInit                                  0x0800134d   Thumb Code    12  led.o(i.LedInit)
    LedRossoInit                             0x08001359   Thumb Code    36  led.o(i.LedRossoInit)
    LedVerdeInit                             0x08001385   Thumb Code    36  led.o(i.LedVerdeInit)
    SwCenterInit                             0x080013b1   Thumb Code    60  pulsanti.o(i.SwCenterInit)
    SwDownInit                               0x080013f1   Thumb Code    48  pulsanti.o(i.SwDownInit)
    SwLeftInit                               0x08001421   Thumb Code    48  pulsanti.o(i.SwLeftInit)
    SwRightInit                              0x08001451   Thumb Code    48  pulsanti.o(i.SwRightInit)
    SwUpInit                                 0x08001481   Thumb Code    48  pulsanti.o(i.SwUpInit)
    SysTick_Handler                          0x080014b1   Thumb Code    22  cmsis_os2.o(i.SysTick_Handler)
    SystemCoreClockUpdate                    0x080014c9   Thumb Code   200  system_stm32l4xx.o(i.SystemCoreClockUpdate)
    SystemInit                               0x080015a9   Thumb Code    60  system_stm32l4xx.o(i.SystemInit)
    _mutex_acquire                           0x080015f1   Thumb Code    22  clib_arm.o(i._mutex_acquire)
    _mutex_free                              0x08001609   Thumb Code    46  clib_arm.o(i._mutex_free)
    _mutex_initialize                        0x0800163d   Thumb Code    86  clib_arm.o(i._mutex_initialize)
    _mutex_release                           0x0800169d   Thumb Code    24  clib_arm.o(i._mutex_release)
    _platform_post_stackheap_init            0x080016b5   Thumb Code     2  clib_arm.o(i._platform_post_stackheap_init)
    digitalRead                              0x080016b7   Thumb Code    46  arduino.o(i.digitalRead)
    main                                     0x080016e5   Thumb Code   102  main.o(i.main)
    pllInit                                  0x0800179d   Thumb Code   254  clock.o(i.pllInit)
    pvPortMalloc                             0x0800220d   Thumb Code   228  heap_4.o(i.pvPortMalloc)
    pvTaskIncrementMutexHeldCount            0x08002309   Thumb Code    26  tasks.o(i.pvTaskIncrementMutexHeldCount)
    pxPortInitialiseStack                    0x08002329   Thumb Code    38  port.o(i.pxPortInitialiseStack)
    uxListRemove                             0x08002355   Thumb Code    40  list.o(i.uxListRemove)
    vApplicationGetIdleTaskMemory            0x0800237d   Thumb Code    14  cmsis_os2.o(i.vApplicationGetIdleTaskMemory)
    vApplicationGetTimerTaskMemory           0x08002395   Thumb Code    14  cmsis_os2.o(i.vApplicationGetTimerTaskMemory)
    vApplicationStackOverflowHook            0x080023ad   Thumb Code     2  cmsis_os2.o(i.vApplicationStackOverflowHook)
    vListInitialise                          0x080023af   Thumb Code    26  list.o(i.vListInitialise)
    vListInitialiseItem                      0x080023c9   Thumb Code     6  list.o(i.vListInitialiseItem)
    vListInsert                              0x080023cf   Thumb Code    52  list.o(i.vListInsert)
    vPortEnterCritical                       0x08002405   Thumb Code    30  port.o(i.vPortEnterCritical)
    vPortExitCritical                        0x08002429   Thumb Code    28  port.o(i.vPortExitCritical)
    vPortFree                                0x08002449   Thumb Code    74  heap_4.o(i.vPortFree)
    vPortSetupTimerInterrupt                 0x080024a1   Thumb Code    36  port.o(i.vPortSetupTimerInterrupt)
    vQueueDelete                             0x080024c9   Thumb Code    20  queue.o(i.vQueueDelete)
    vQueueWaitForMessageRestricted           0x080024dd   Thumb Code    74  queue.o(i.vQueueWaitForMessageRestricted)
    vTaskInternalSetTimeOutState             0x08002529   Thumb Code    14  tasks.o(i.vTaskInternalSetTimeOutState)
    vTaskLcd                                 0x08002541   Thumb Code    72  main.o(i.vTaskLcd)
    vTaskMissedYield                         0x08002595   Thumb Code     8  tasks.o(i.vTaskMissedYield)
    vTaskPA0                                 0x080025a1   Thumb Code    38  main.o(i.vTaskPA0)
    vTaskPlaceOnEventList                    0x080025cd   Thumb Code    28  tasks.o(i.vTaskPlaceOnEventList)
    vTaskPlaceOnEventListRestricted          0x080025ed   Thumb Code    70  tasks.o(i.vTaskPlaceOnEventListRestricted)
    vTaskPriorityDisinheritAfterTimeout      0x08002639   Thumb Code   182  tasks.o(i.vTaskPriorityDisinheritAfterTimeout)
    vTaskRemoveFromUnorderedEventList        0x080026f9   Thumb Code   188  tasks.o(i.vTaskRemoveFromUnorderedEventList)
    vTaskStartScheduler                      0x080027c5   Thumb Code   124  tasks.o(i.vTaskStartScheduler)
    vTaskSuspendAll                          0x08002861   Thumb Code    12  tasks.o(i.vTaskSuspendAll)
    vTaskSwitchContext                       0x08002871   Thumb Code   154  tasks.o(i.vTaskSwitchContext)
    xEventGroupCreate                        0x08002921   Thumb Code    30  event_groups.o(i.xEventGroupCreate)
    xEventGroupSetBits                       0x0800293f   Thumb Code   146  event_groups.o(i.xEventGroupSetBits)
    xPortStartScheduler                      0x080029d9   Thumb Code    58  port.o(i.xPortStartScheduler)
    xPortSysTickHandler                      0x08002a21   Thumb Code    46  port.o(i.xPortSysTickHandler)
    xQueueCreateMutex                        0x08002a55   Thumb Code    34  queue.o(i.xQueueCreateMutex)
    xQueueCreateMutexStatic                  0x08002a77   Thumb Code    42  queue.o(i.xQueueCreateMutexStatic)
    xQueueGenericCreate                      0x08002aa1   Thumb Code    82  queue.o(i.xQueueGenericCreate)
    xQueueGenericCreateStatic                0x08002af3   Thumb Code    62  queue.o(i.xQueueGenericCreateStatic)
    xQueueGenericReset                       0x08002b31   Thumb Code   156  queue.o(i.xQueueGenericReset)
    xQueueGenericSend                        0x08002bd1   Thumb Code   276  queue.o(i.xQueueGenericSend)
    xQueueReceive                            0x08002ce9   Thumb Code   256  queue.o(i.xQueueReceive)
    xQueueSemaphoreTake                      0x08002ded   Thumb Code   300  queue.o(i.xQueueSemaphoreTake)
    xTaskCheckForTimeOut                     0x08002f1d   Thumb Code    88  tasks.o(i.xTaskCheckForTimeOut)
    xTaskCreate                              0x08002f7d   Thumb Code   100  tasks.o(i.xTaskCreate)
    xTaskCreateStatic                        0x08002fe7   Thumb Code    78  tasks.o(i.xTaskCreateStatic)
    xTaskGetSchedulerState                   0x0800303d   Thumb Code    24  tasks.o(i.xTaskGetSchedulerState)
    xTaskGetTickCount                        0x0800305d   Thumb Code     6  tasks.o(i.xTaskGetTickCount)
    xTaskIncrementTick                       0x08003069   Thumb Code   354  tasks.o(i.xTaskIncrementTick)
    xTaskPriorityDisinherit                  0x080031f9   Thumb Code   138  tasks.o(i.xTaskPriorityDisinherit)
    xTaskPriorityInherit                     0x0800328d   Thumb Code   202  tasks.o(i.xTaskPriorityInherit)
    xTaskRemoveFromEventList                 0x08003365   Thumb Code   238  tasks.o(i.xTaskRemoveFromEventList)
    xTaskResumeAll                           0x0800346d   Thumb Code   308  tasks.o(i.xTaskResumeAll)
    xTimerCreateTimerTask                    0x080035c5   Thumb Code    76  timers.o(i.xTimerCreateTimerTask)
    _fp_init                                 0x08003625   Thumb Code    10  fpinit.o(x$fpl$fpinit)
    __fplib_config_fpu_vfp                   0x0800362d   Thumb Code     0  fpinit.o(x$fpl$fpinit)
    __fplib_config_pureend_doubles           0x0800362d   Thumb Code     0  fpinit.o(x$fpl$fpinit)
    CapLetterMap                             0x0800362e   Data          52  lcd.o(.constdata)
    NumberMap                                0x08003662   Data          20  lcd.o(.constdata)
    AHBPrescTable                            0x08003678   Data          16  system_stm32l4xx.o(.constdata)
    APBPrescTable                            0x08003688   Data           8  system_stm32l4xx.o(.constdata)
    MSIRangeTable                            0x08003690   Data          48  system_stm32l4xx.o(.constdata)
    Region$$Table$$Base                      0x080036c0   Number         0  anon$$obj.o(Region$$Table)
    Region$$Table$$Limit                     0x080036e0   Number         0  anon$$obj.o(Region$$Table)
    xEventGroup                              0x20000000   Data           4  main.o(.data)
    SystemCoreClock                          0x20000004   Data           4  system_stm32l4xx.o(.data)
    pxCurrentTCB                             0x2000002c   Data           4  tasks.o(.data)
    uxTopUsedPriority                        0x20000064   Data           4  tasks.o(.data)
    __libspace_start                         0x20002d98   Data          96  libspace.o(.bss)
    __temporary_stack_top$libspace           0x20002df8   Data           0  libspace.o(.bss)



==============================================================================

Memory Map of the image

  Image Entry point : 0x08000319

  Load Region LR_1 (Base: 0x08000000, Size: 0x00003760, Max: 0xffffffff, ABSOLUTE)

    Execution Region ER_RO (Exec base: 0x08000000, Load base: 0x08000000, Size: 0x000036e0, Max: 0xffffffff, ABSOLUTE)

    Exec Addr    Load Addr    Size         Type   Attr      Idx    E Section Name        Object

    0x08000000   0x08000000   0x00000188   Data   RO         1223    RESET               startup_stm32l476xx.o
    0x08000188   0x08000188   0x00000008   Code   RO         2468  * !!!main             c_w.l(__main.o)
    0x08000190   0x08000190   0x00000034   Code   RO         2640    !!!scatter          c_w.l(__scatter.o)
    0x080001c4   0x080001c4   0x0000001a   Code   RO         2642    !!handler_copy      c_w.l(__scatter_copy.o)
    0x080001de   0x080001de   0x00000002   PAD
    0x080001e0   0x080001e0   0x0000001c   Code   RO         2644    !!handler_zi        c_w.l(__scatter_zi.o)
    0x080001fc   0x080001fc   0x00000000   Code   RO         2457    .ARM.Collect$$_printf_percent$$00000000  c_w.l(_printf_percent.o)
    0x080001fc   0x080001fc   0x00000006   Code   RO         2456    .ARM.Collect$$_printf_percent$$00000009  c_w.l(_printf_d.o)
    0x08000202   0x08000202   0x00000004   Code   RO         2477    .ARM.Collect$$_printf_percent$$00000017  c_w.l(_printf_percent_end.o)
    0x08000206   0x08000206   0x00000002   Code   RO         2508    .ARM.Collect$$libinit$$00000000  c_w.l(libinit.o)
    0x08000208   0x08000208   0x00000004   Code   RO         2514    .ARM.Collect$$libinit$$00000001  c_w.l(libinit2.o)
    0x0800020c   0x0800020c   0x00000000   Code   RO         2517    .ARM.Collect$$libinit$$00000004  c_w.l(libinit2.o)
    0x0800020c   0x0800020c   0x00000000   Code   RO         2520    .ARM.Collect$$libinit$$0000000A  c_w.l(libinit2.o)
    0x0800020c   0x0800020c   0x00000000   Code   RO         2522    .ARM.Collect$$libinit$$0000000C  c_w.l(libinit2.o)
    0x0800020c   0x0800020c   0x00000000   Code   RO         2524    .ARM.Collect$$libinit$$0000000E  c_w.l(libinit2.o)
    0x0800020c   0x0800020c   0x00000000   Code   RO         2527    .ARM.Collect$$libinit$$00000011  c_w.l(libinit2.o)
    0x0800020c   0x0800020c   0x00000000   Code   RO         2529    .ARM.Collect$$libinit$$00000013  c_w.l(libinit2.o)
    0x0800020c   0x0800020c   0x00000000   Code   RO         2531    .ARM.Collect$$libinit$$00000015  c_w.l(libinit2.o)
    0x0800020c   0x0800020c   0x00000000   Code   RO         2533    .ARM.Collect$$libinit$$00000017  c_w.l(libinit2.o)
    0x0800020c   0x0800020c   0x00000000   Code   RO         2535    .ARM.Collect$$libinit$$00000019  c_w.l(libinit2.o)
    0x0800020c   0x0800020c   0x00000000   Code   RO         2537    .ARM.Collect$$libinit$$0000001B  c_w.l(libinit2.o)
    0x0800020c   0x0800020c   0x00000000   Code   RO         2539    .ARM.Collect$$libinit$$0000001D  c_w.l(libinit2.o)
    0x0800020c   0x0800020c   0x00000000   Code   RO         2541    .ARM.Collect$$libinit$$0000001F  c_w.l(libinit2.o)
    0x0800020c   0x0800020c   0x00000000   Code   RO         2543    .ARM.Collect$$libinit$$00000021  c_w.l(libinit2.o)
    0x0800020c   0x0800020c   0x00000000   Code   RO         2545    .ARM.Collect$$libinit$$00000023  c_w.l(libinit2.o)
    0x0800020c   0x0800020c   0x00000000   Code   RO         2547    .ARM.Collect$$libinit$$00000025  c_w.l(libinit2.o)
    0x0800020c   0x0800020c   0x00000000   Code   RO         2551    .ARM.Collect$$libinit$$0000002C  c_w.l(libinit2.o)
    0x0800020c   0x0800020c   0x00000000   Code   RO         2553    .ARM.Collect$$libinit$$0000002E  c_w.l(libinit2.o)
    0x0800020c   0x0800020c   0x00000000   Code   RO         2555    .ARM.Collect$$libinit$$00000030  c_w.l(libinit2.o)
    0x0800020c   0x0800020c   0x00000000   Code   RO         2557    .ARM.Collect$$libinit$$00000032  c_w.l(libinit2.o)
    0x0800020c   0x0800020c   0x00000002   Code   RO         2558    .ARM.Collect$$libinit$$00000033  c_w.l(libinit2.o)
    0x0800020e   0x0800020e   0x00000002   Code   RO         2578    .ARM.Collect$$libshutdown$$00000000  c_w.l(libshutdown.o)
    0x08000210   0x08000210   0x00000000   Code   RO         2591    .ARM.Collect$$libshutdown$$00000002  c_w.l(libshutdown2.o)
    0x08000210   0x08000210   0x00000000   Code   RO         2593    .ARM.Collect$$libshutdown$$00000004  c_w.l(libshutdown2.o)
    0x08000210   0x08000210   0x00000000   Code   RO         2595    .ARM.Collect$$libshutdown$$00000006  c_w.l(libshutdown2.o)
    0x08000210   0x08000210   0x00000000   Code   RO         2598    .ARM.Collect$$libshutdown$$00000009  c_w.l(libshutdown2.o)
    0x08000210   0x08000210   0x00000000   Code   RO         2601    .ARM.Collect$$libshutdown$$0000000C  c_w.l(libshutdown2.o)
    0x08000210   0x08000210   0x00000000   Code   RO         2603    .ARM.Collect$$libshutdown$$0000000E  c_w.l(libshutdown2.o)
    0x08000210   0x08000210   0x00000000   Code   RO         2606    .ARM.Collect$$libshutdown$$00000011  c_w.l(libshutdown2.o)
    0x08000210   0x08000210   0x00000002   Code   RO         2607    .ARM.Collect$$libshutdown$$00000012  c_w.l(libshutdown2.o)
    0x08000212   0x08000212   0x00000000   Code   RO         2470    .ARM.Collect$$rtentry$$00000000  c_w.l(__rtentry.o)
    0x08000212   0x08000212   0x00000000   Code   RO         2483    .ARM.Collect$$rtentry$$00000002  c_w.l(__rtentry2.o)
    0x08000212   0x08000212   0x00000006   Code   RO         2495    .ARM.Collect$$rtentry$$00000004  c_w.l(__rtentry4.o)
    0x08000218   0x08000218   0x00000008   Code   RO         2484    .ARM.Collect$$rtentry$$00000008  c_w.l(__rtentry2.o)
    0x08000220   0x08000220   0x00000004   Code   RO         2486    .ARM.Collect$$rtentry$$0000000A  c_w.l(__rtentry2.o)
    0x08000224   0x08000224   0x00000000   Code   RO         2488    .ARM.Collect$$rtentry$$0000000C  c_w.l(__rtentry2.o)
    0x08000224   0x08000224   0x00000008   Code   RO         2489    .ARM.Collect$$rtentry$$0000000D  c_w.l(__rtentry2.o)
    0x0800022c   0x0800022c   0x00000002   Code   RO         2512    .ARM.Collect$$rtexit$$00000000  c_w.l(rtexit.o)
    0x0800022e   0x0800022e   0x00000000   Code   RO         2560    .ARM.Collect$$rtexit$$00000002  c_w.l(rtexit2.o)
    0x0800022e   0x0800022e   0x00000004   Code   RO         2561    .ARM.Collect$$rtexit$$00000003  c_w.l(rtexit2.o)
    0x08000232   0x08000232   0x00000006   Code   RO         2562    .ARM.Collect$$rtexit$$00000004  c_w.l(rtexit2.o)
    0x08000238   0x08000238   0x000000de   Code   RO         1532    .emb_text           port.o
    0x08000316   0x08000316   0x00000002   PAD
    0x08000318   0x08000318   0x00000040   Code   RO         1224  * .text               startup_stm32l476xx.o
    0x08000358   0x08000358   0x00000028   Code   RO         2430    .text               c_w.l(noretval__2sprintf.o)
    0x08000380   0x08000380   0x00000068   Code   RO         2432    .text               c_w.l(__printf.o)
    0x080003e8   0x080003e8   0x00000078   Code   RO         2434    .text               c_w.l(_printf_dec.o)
    0x08000460   0x08000460   0x0000008a   Code   RO         2460    .text               c_w.l(rt_memcpy_v6.o)
    0x080004ea   0x080004ea   0x00000010   Code   RO         2462    .text               c_w.l(aeabi_memset.o)
    0x080004fa   0x080004fa   0x00000006   Code   RO         2466    .text               c_w.l(heapauxi.o)
    0x08000500   0x08000500   0x000000b2   Code   RO         2471    .text               c_w.l(_printf_intcommon.o)
    0x080005b2   0x080005b2   0x00000002   PAD
    0x080005b4   0x080005b4   0x00000030   Code   RO         2473    .text               c_w.l(_printf_char_common.o)
    0x080005e4   0x080005e4   0x0000000a   Code   RO         2475    .text               c_w.l(_sputc.o)
    0x080005ee   0x080005ee   0x00000064   Code   RO         2478    .text               c_w.l(rt_memcpy_w.o)
    0x08000652   0x08000652   0x00000044   Code   RO         2480    .text               c_w.l(rt_memclr.o)
    0x08000696   0x08000696   0x0000004e   Code   RO         2499    .text               c_w.l(rt_memclr_w.o)
    0x080006e4   0x080006e4   0x0000004a   Code   RO         2501    .text               c_w.l(sys_stackheap_outer.o)
    0x0800072e   0x0800072e   0x00000012   Code   RO         2503    .text               c_w.l(exit.o)
    0x08000740   0x08000740   0x00000008   Code   RO         2509    .text               c_w.l(libspace.o)
    0x08000748   0x08000748   0x0000000c   Code   RO         2570    .text               c_w.l(sys_exit.o)
    0x08000754   0x08000754   0x00000002   Code   RO         2581    .text               c_w.l(use_no_semi.o)
    0x08000756   0x08000756   0x00000000   Code   RO         2583    .text               c_w.l(indicate_semi.o)
    0x08000756   0x08000756   0x00000002   PAD
    0x08000758   0x08000758   0x00000038   Code   RO          343    i.LCD_Clear         lcd.o
    0x08000790   0x08000790   0x000000c8   Code   RO          344    i.LCD_Clock_Init    lcd.o
    0x08000858   0x08000858   0x00000054   Code   RO          345    i.LCD_Configure     lcd.o
    0x080008ac   0x080008ac   0x00000138   Code   RO          346    i.LCD_Conv_Char_Seg  lcd.o
    0x080009e4   0x080009e4   0x0000004c   Code   RO          347    i.LCD_DisplayString  lcd.o
    0x08000a30   0x08000a30   0x00000014   Code   RO          350    i.LCD_Init          lcd.o
    0x08000a44   0x08000a44   0x00000164   Code   RO          351    i.LCD_PIN_Init      lcd.o
    0x08000ba8   0x08000ba8   0x000007a4   Code   RO          352    i.LCD_WriteChar     lcd.o
    0x0800134c   0x0800134c   0x0000000c   Code   RO          136    i.LedInit           led.o
    0x08001358   0x08001358   0x0000002c   Code   RO          139    i.LedRossoInit      led.o
    0x08001384   0x08001384   0x0000002c   Code   RO          147    i.LedVerdeInit      led.o
    0x080013b0   0x080013b0   0x00000040   Code   RO          475    i.SwCenterInit      pulsanti.o
    0x080013f0   0x080013f0   0x00000030   Code   RO          476    i.SwDownInit        pulsanti.o
    0x08001420   0x08001420   0x00000030   Code   RO          478    i.SwLeftInit        pulsanti.o
    0x08001450   0x08001450   0x00000030   Code   RO          479    i.SwRightInit       pulsanti.o
    0x08001480   0x08001480   0x00000030   Code   RO          481    i.SwUpInit          pulsanti.o
    0x080014b0   0x080014b0   0x00000016   Code   RO          624    i.SysTick_Handler   cmsis_os2.o
    0x080014c6   0x080014c6   0x00000002   PAD
    0x080014c8   0x080014c8   0x000000e0   Code   RO         1231    i.SystemCoreClockUpdate  system_stm32l4xx.o
    0x080015a8   0x080015a8   0x00000048   Code   RO         1232    i.SystemInit        system_stm32l4xx.o
    0x080015f0   0x080015f0   0x00000016   Code   RO          536    i._mutex_acquire    clib_arm.o
    0x08001606   0x08001606   0x00000002   PAD
    0x08001608   0x08001608   0x00000034   Code   RO          537    i._mutex_free       clib_arm.o
    0x0800163c   0x0800163c   0x00000060   Code   RO          538    i._mutex_initialize  clib_arm.o
    0x0800169c   0x0800169c   0x00000018   Code   RO          539    i._mutex_release    clib_arm.o
    0x080016b4   0x080016b4   0x00000002   Code   RO          540    i._platform_post_stackheap_init  clib_arm.o
    0x080016b6   0x080016b6   0x0000002e   Code   RO            6    i.digitalRead       arduino.o
    0x080016e4   0x080016e4   0x000000a4   Code   RO          291    i.main              main.o
    0x08001788   0x08001788   0x00000012   Code   RO          541    i.os_kernel_is_active  clib_arm.o
    0x0800179a   0x0800179a   0x00000002   PAD
    0x0800179c   0x0800179c   0x00000108   Code   RO          103    i.pllInit           clock.o
    0x080018a4   0x080018a4   0x000000a4   Code   RO         1852    i.prvAddCurrentTaskToDelayedList  tasks.o
    0x08001948   0x08001948   0x000000e8   Code   RO         1853    i.prvAddNewTaskToReadyList  tasks.o
    0x08001a30   0x08001a30   0x0000005c   Code   RO         2249    i.prvCheckForValidListAndQueue  timers.o
    0x08001a8c   0x08001a8c   0x00000048   Code   RO         1854    i.prvCheckTasksWaitingTermination  tasks.o
    0x08001ad4   0x08001ad4   0x0000002a   Code   RO         1615    i.prvCopyDataFromQueue  queue.o
    0x08001afe   0x08001afe   0x0000007e   Code   RO         1616    i.prvCopyDataToQueue  queue.o
    0x08001b7c   0x08001b7c   0x00000028   Code   RO         1855    i.prvDeleteTCB      tasks.o
    0x08001ba4   0x08001ba4   0x00000014   Code   RO         1617    i.prvGetDisinheritPriorityAfterTimeout  queue.o
    0x08001bb8   0x08001bb8   0x00000028   Code   RO         2250    i.prvGetNextExpireTime  timers.o
    0x08001be0   0x08001be0   0x0000007c   Code   RO         1465    i.prvHeapInit       heap_4.o
    0x08001c5c   0x08001c5c   0x00000028   Code   RO         1856    i.prvIdleTask       tasks.o
    0x08001c84   0x08001c84   0x0000001e   Code   RO         1618    i.prvInitialiseMutex  queue.o
    0x08001ca2   0x08001ca2   0x0000002a   Code   RO         1619    i.prvInitialiseNewQueue  queue.o
    0x08001ccc   0x08001ccc   0x000000a0   Code   RO         1857    i.prvInitialiseNewTask  tasks.o
    0x08001d6c   0x08001d6c   0x00000068   Code   RO         1858    i.prvInitialiseTaskLists  tasks.o
    0x08001dd4   0x08001dd4   0x00000068   Code   RO         1466    i.prvInsertBlockIntoFreeList  heap_4.o
    0x08001e3c   0x08001e3c   0x00000058   Code   RO         2252    i.prvInsertTimerInActiveList  timers.o
    0x08001e94   0x08001e94   0x0000001a   Code   RO         1620    i.prvIsQueueEmpty   queue.o
    0x08001eae   0x08001eae   0x0000001e   Code   RO         1621    i.prvIsQueueFull    queue.o
    0x08001ecc   0x08001ecc   0x00000044   Code   RO         2253    i.prvProcessExpiredTimer  timers.o
    0x08001f10   0x08001f10   0x00000110   Code   RO         2254    i.prvProcessReceivedCommands  timers.o
    0x08002020   0x08002020   0x00000074   Code   RO         2255    i.prvProcessTimerOrBlockTask  timers.o
    0x08002094   0x08002094   0x00000028   Code   RO         2256    i.prvReloadTimer    timers.o
    0x080020bc   0x080020bc   0x00000030   Code   RO         1860    i.prvResetNextTaskUnblockTime  tasks.o
    0x080020ec   0x080020ec   0x0000002c   Code   RO         2257    i.prvSampleTimeNow  timers.o
    0x08002118   0x08002118   0x00000044   Code   RO         2258    i.prvSwitchTimerLists  timers.o
    0x0800215c   0x0800215c   0x00000016   Code   RO         1533    i.prvTaskExitError  port.o
    0x08002172   0x08002172   0x0000001a   Code   RO         2259    i.prvTimerTask      timers.o
    0x0800218c   0x0800218c   0x0000007e   Code   RO         1622    i.prvUnlockQueue    queue.o
    0x0800220a   0x0800220a   0x00000002   PAD
    0x0800220c   0x0800220c   0x000000fc   Code   RO         1467    i.pvPortMalloc      heap_4.o
    0x08002308   0x08002308   0x00000020   Code   RO         1863    i.pvTaskIncrementMutexHeldCount  tasks.o
    0x08002328   0x08002328   0x0000002c   Code   RO         1534    i.pxPortInitialiseStack  port.o
    0x08002354   0x08002354   0x00000028   Code   RO         1414    i.uxListRemove      list.o
    0x0800237c   0x0800237c   0x00000018   Code   RO          697    i.vApplicationGetIdleTaskMemory  cmsis_os2.o
    0x08002394   0x08002394   0x00000018   Code   RO          698    i.vApplicationGetTimerTaskMemory  cmsis_os2.o
    0x080023ac   0x080023ac   0x00000002   Code   RO          699    i.vApplicationStackOverflowHook  cmsis_os2.o
    0x080023ae   0x080023ae   0x0000001a   Code   RO         1415    i.vListInitialise   list.o
    0x080023c8   0x080023c8   0x00000006   Code   RO         1416    i.vListInitialiseItem  list.o
    0x080023ce   0x080023ce   0x00000034   Code   RO         1417    i.vListInsert       list.o
    0x08002402   0x08002402   0x00000002   PAD
    0x08002404   0x08002404   0x00000024   Code   RO         1536    i.vPortEnterCritical  port.o
    0x08002428   0x08002428   0x00000020   Code   RO         1537    i.vPortExitCritical  port.o
    0x08002448   0x08002448   0x00000058   Code   RO         1468    i.vPortFree         heap_4.o
    0x080024a0   0x080024a0   0x00000028   Code   RO         1538    i.vPortSetupTimerInterrupt  port.o
    0x080024c8   0x080024c8   0x00000014   Code   RO         1628    i.vQueueDelete      queue.o
    0x080024dc   0x080024dc   0x0000004a   Code   RO         1630    i.vQueueWaitForMessageRestricted  queue.o
    0x08002526   0x08002526   0x00000002   PAD
    0x08002528   0x08002528   0x00000018   Code   RO         1878    i.vTaskInternalSetTimeOutState  tasks.o
    0x08002540   0x08002540   0x00000054   Code   RO          292    i.vTaskLcd          main.o
    0x08002594   0x08002594   0x0000000c   Code   RO         1879    i.vTaskMissedYield  tasks.o
    0x080025a0   0x080025a0   0x0000002c   Code   RO          293    i.vTaskPA0          main.o
    0x080025cc   0x080025cc   0x00000020   Code   RO         1880    i.vTaskPlaceOnEventList  tasks.o
    0x080025ec   0x080025ec   0x0000004c   Code   RO         1881    i.vTaskPlaceOnEventListRestricted  tasks.o
    0x08002638   0x08002638   0x000000c0   Code   RO         1883    i.vTaskPriorityDisinheritAfterTimeout  tasks.o
    0x080026f8   0x080026f8   0x000000cc   Code   RO         1885    i.vTaskRemoveFromUnorderedEventList  tasks.o
    0x080027c4   0x080027c4   0x0000009c   Code   RO         1889    i.vTaskStartScheduler  tasks.o
    0x08002860   0x08002860   0x00000010   Code   RO         1891    i.vTaskSuspendAll   tasks.o
    0x08002870   0x08002870   0x000000b0   Code   RO         1892    i.vTaskSwitchContext  tasks.o
    0x08002920   0x08002920   0x0000001e   Code   RO         1297    i.xEventGroupCreate  event_groups.o
    0x0800293e   0x0800293e   0x00000098   Code   RO         1300    i.xEventGroupSetBits  event_groups.o
    0x080029d6   0x080029d6   0x00000002   PAD
    0x080029d8   0x080029d8   0x00000048   Code   RO         1539    i.xPortStartScheduler  port.o
    0x08002a20   0x08002a20   0x00000034   Code   RO         1540    i.xPortSysTickHandler  port.o
    0x08002a54   0x08002a54   0x00000022   Code   RO         1633    i.xQueueCreateMutex  queue.o
    0x08002a76   0x08002a76   0x0000002a   Code   RO         1634    i.xQueueCreateMutexStatic  queue.o
    0x08002aa0   0x08002aa0   0x00000052   Code   RO         1635    i.xQueueGenericCreate  queue.o
    0x08002af2   0x08002af2   0x0000003e   Code   RO         1636    i.xQueueGenericCreateStatic  queue.o
    0x08002b30   0x08002b30   0x000000a0   Code   RO         1637    i.xQueueGenericReset  queue.o
    0x08002bd0   0x08002bd0   0x00000118   Code   RO         1638    i.xQueueGenericSend  queue.o
    0x08002ce8   0x08002ce8   0x00000104   Code   RO         1648    i.xQueueReceive     queue.o
    0x08002dec   0x08002dec   0x00000130   Code   RO         1650    i.xQueueSemaphoreTake  queue.o
    0x08002f1c   0x08002f1c   0x00000060   Code   RO         1894    i.xTaskCheckForTimeOut  tasks.o
    0x08002f7c   0x08002f7c   0x0000006a   Code   RO         1895    i.xTaskCreate       tasks.o
    0x08002fe6   0x08002fe6   0x00000054   Code   RO         1896    i.xTaskCreateStatic  tasks.o
    0x0800303a   0x0800303a   0x00000002   PAD
    0x0800303c   0x0800303c   0x00000020   Code   RO         1903    i.xTaskGetSchedulerState  tasks.o
    0x0800305c   0x0800305c   0x0000000c   Code   RO         1904    i.xTaskGetTickCount  tasks.o
    0x08003068   0x08003068   0x00000190   Code   RO         1906    i.xTaskIncrementTick  tasks.o
    0x080031f8   0x080031f8   0x00000094   Code   RO         1907    i.xTaskPriorityDisinherit  tasks.o
    0x0800328c   0x0800328c   0x000000d8   Code   RO         1908    i.xTaskPriorityInherit  tasks.o
    0x08003364   0x08003364   0x00000108   Code   RO         1909    i.xTaskRemoveFromEventList  tasks.o
    0x0800346c   0x0800346c   0x00000158   Code   RO         1910    i.xTaskResumeAll    tasks.o
    0x080035c4   0x080035c4   0x00000060   Code   RO         2268    i.xTimerCreateTimerTask  timers.o
    0x08003624   0x08003624   0x0000000a   Code   RO         2568    x$fpl$fpinit        fz_wm.l(fpinit.o)
    0x0800362e   0x0800362e   0x00000048   Data   RO          361    .constdata          lcd.o
    0x08003676   0x08003676   0x00000002   PAD
    0x08003678   0x08003678   0x00000048   Data   RO         1233    .constdata          system_stm32l4xx.o
    0x080036c0   0x080036c0   0x00000020   Data   RO         2638    Region$$Table       anon$$obj.o


    Execution Region ER_RW (Exec base: 0x20000000, Load base: 0x080036e0, Size: 0x00000080, Max: 0xffffffff, ABSOLUTE)

    Exec Addr    Load Addr    Size         Type   Attr      Idx    E Section Name        Object

    0x20000000   0x080036e0   0x00000004   Data   RW          294    .data               main.o
    0x20000004   0x080036e4   0x00000004   Data   RW         1234    .data               system_stm32l4xx.o
    0x20000008   0x080036e8   0x00000020   Data   RW         1474    .data               heap_4.o
    0x20000028   0x08003708   0x00000004   Data   RW         1541    .data               port.o
    0x2000002c   0x0800370c   0x00000040   Data   RW         1913    .data               tasks.o
    0x2000006c   0x0800374c   0x00000014   Data   RW         2277    .data               timers.o


    Execution Region ER_ZI (Exec base: 0x20000080, Load base: 0x08003760, Size: 0x00003378, Max: 0xffffffff, ABSOLUTE)

    Exec Addr    Load Addr    Size         Type   Attr      Idx    E Section Name        Object

    0x20000080        -       0x00000394   Zero   RW          542    .bss                clib_arm.o
    0x20000414        -       0x000003f8   Zero   RW          700    .bss                cmsis_os2.o
    0x2000080c        -       0x00002000   Zero   RW         1473    .bss                heap_4.o
    0x2000280c        -       0x000004c4   Zero   RW         1912    .bss                tasks.o
    0x20002cd0        -       0x000000c8   Zero   RW         2276    .bss                timers.o
    0x20002d98        -       0x00000060   Zero   RW         2510    .bss                c_w.l(libspace.o)
    0x20002df8        -       0x00000200   Zero   RW         1222    HEAP                startup_stm32l476xx.o
    0x20002ff8        -       0x00000400   Zero   RW         1221    STACK               startup_stm32l476xx.o


==============================================================================

Image component sizes


      Code (inc. data)   RO Data    RW Data    ZI Data      Debug   Object Name

        46          0          0          0          0     668466   arduino.o
       214         16          0          0        916      19956   clib_arm.o
       264         10          0          0          0        718   clock.o
        72         20          0          0       1016      30099   cmsis_os2.o
       182          0          0          0          0      14841   event_groups.o
       568         72          0         32       8192       4203   heap_4.o
      3060        152         72          0          0       6486   lcd.o
       100         16          0          0          0      15268   led.o
       124          0          0          0          0      12185   list.o
       292         80          0          4          0       2399   main.o
       520         56          0          4          0       9676   port.o
       256          4          0          0          0       2314   pulsanti.o
      1760         16          0          0          0      18447   queue.o
        64         26        392          0       1536        888   startup_stm32l476xx.o
       296         36         72          4          0       2297   system_stm32l4xx.o
      3482        382          0         64       1220      46124   tasks.o
       950        110          0         20        200      11736   timers.o

    ----------------------------------------------------------------------
     12268        996        570        128      13080     866103   Object Totals
         0          0         32          0          0          0   (incl. Generated)
        18          0          2          0          0          0   (incl. Padding)

    ----------------------------------------------------------------------

      Code (inc. data)   RO Data    RW Data    ZI Data      Debug   Library Member Name

         8          0          0          0          0         68   __main.o
       104          0          0          0          0         84   __printf.o
         0          0          0          0          0          0   __rtentry.o
        20          0          0          0          0          0   __rtentry2.o
         6          0          0          0          0          0   __rtentry4.o
        52          8          0          0          0          0   __scatter.o
        26          0          0          0          0          0   __scatter_copy.o
        28          0          0          0          0          0   __scatter_zi.o
        48          6          0          0          0         96   _printf_char_common.o
         6          0          0          0          0          0   _printf_d.o
       120         16          0          0          0         92   _printf_dec.o
       178          0          0          0          0         88   _printf_intcommon.o
         0          0          0          0          0          0   _printf_percent.o
         4          0          0          0          0          0   _printf_percent_end.o
        10          0          0          0          0         68   _sputc.o
        16          0          0          0          0         68   aeabi_memset.o
        18          0          0          0          0         80   exit.o
         6          0          0          0          0        152   heapauxi.o
         0          0          0          0          0          0   indicate_semi.o
         2          0          0          0          0          0   libinit.o
         6          0          0          0          0          0   libinit2.o
         2          0          0          0          0          0   libshutdown.o
         2          0          0          0          0          0   libshutdown2.o
         8          4          0          0         96         68   libspace.o
        40          6          0          0          0         84   noretval__2sprintf.o
        68          0          0          0          0         68   rt_memclr.o
        78          0          0          0          0         80   rt_memclr_w.o
       138          0          0          0          0         68   rt_memcpy_v6.o
       100          0          0          0          0         80   rt_memcpy_w.o
         2          0          0          0          0          0   rtexit.o
        10          0          0          0          0          0   rtexit2.o
        12          4          0          0          0         68   sys_exit.o
        74          0          0          0          0         80   sys_stackheap_outer.o
         2          0          0          0          0         68   use_no_semi.o
        10          0          0          0          0        116   fpinit.o

    ----------------------------------------------------------------------
      1210         44          0          0         96       1576   Library Totals
         6          0          0          0          0          0   (incl. Padding)

    ----------------------------------------------------------------------

      Code (inc. data)   RO Data    RW Data    ZI Data      Debug   Library Name

      1194         44          0          0         96       1460   c_w.l
        10          0          0          0          0        116   fz_wm.l

    ----------------------------------------------------------------------
      1210         44          0          0         96       1576   Library Totals

    ----------------------------------------------------------------------

==============================================================================


      Code (inc. data)   RO Data    RW Data    ZI Data      Debug   

     13478       1040        570        128      13176     856551   Grand Totals
     13478       1040        570        128      13176     856551   ELF Image Totals
     13478       1040        570        128          0          0   ROM Totals

==============================================================================

    Total RO  Size (Code + RO Data)                14048 (  13.72kB)
    Total RW  Size (RW Data + ZI Data)             13304 (  12.99kB)
    Total ROM Size (Code + RO Data + RW Data)      14176 (  13.84kB)

==============================================================================

